Component: ARM Compiler 5.06 update 7 (build 960) Tool: armlink [4d3601]

==============================================================================

Section Cross References

    startup_stm32l476xx.o(STACK) refers (Special) to heapauxi.o(.text) for __use_two_region_memory
    startup_stm32l476xx.o(HEAP) refers (Special) to heapauxi.o(.text) for __use_two_region_memory
    startup_stm32l476xx.o(RESET) refers (Special) to heapauxi.o(.text) for __use_two_region_memory
    startup_stm32l476xx.o(RESET) refers to startup_stm32l476xx.o(STACK) for __initial_sp
    startup_stm32l476xx.o(RESET) refers to startup_stm32l476xx.o(.text) for Reset_Handler
    startup_stm32l476xx.o(RESET) refers to stm32l4xx_it.o(i.NMI_Handler) for NMI_Handler
    startup_stm32l476xx.o(RESET) refers to stm32l4xx_it.o(i.HardFault_Handler) for HardFault_Handler
    startup_stm32l476xx.o(RESET) refers to stm32l4xx_it.o(i.MemManage_Handler) for MemManage_Handler
    startup_stm32l476xx.o(RESET) refers to stm32l4xx_it.o(i.BusFault_Handler) for BusFault_Handler
    startup_stm32l476xx.o(RESET) refers to stm32l4xx_it.o(i.UsageFault_Handler) for UsageFault_Handler
    startup_stm32l476xx.o(RESET) refers to stm32l4xx_it.o(i.SVC_Handler) for SVC_Handler
    startup_stm32l476xx.o(RESET) refers to stm32l4xx_it.o(i.DebugMon_Handler) for DebugMon_Handler
    startup_stm32l476xx.o(RESET) refers to stm32l4xx_it.o(i.PendSV_Handler) for PendSV_Handler
    startup_stm32l476xx.o(RESET) refers to stm32l4xx_it.o(i.SysTick_Handler) for SysTick_Handler
    startup_stm32l476xx.o(.text) refers (Special) to heapauxi.o(.text) for __use_two_region_memory
    startup_stm32l476xx.o(.text) refers to system_stm32l4xx.o(i.SystemInit) for SystemInit
    startup_stm32l476xx.o(.text) refers to __main.o(!!!main) for __main
    startup_stm32l476xx.o(.text) refers to startup_stm32l476xx.o(HEAP) for Heap_Mem
    startup_stm32l476xx.o(.text) refers to startup_stm32l476xx.o(STACK) for Stack_Mem
    main.o(i.MX_GPIO_Init) refers to rt_memclr_w.o(.text) for __aeabi_memclr4
    main.o(i.MX_GPIO_Init) refers to stm32l4xx_hal_gpio.o(i.HAL_GPIO_WritePin) for HAL_GPIO_WritePin
    main.o(i.MX_GPIO_Init) refers to stm32l4xx_hal_gpio.o(i.HAL_GPIO_Init) for HAL_GPIO_Init
    main.o(i.MX_I2C1_Init) refers to stm32l4xx_hal_i2c.o(i.HAL_I2C_Init) for HAL_I2C_Init
    main.o(i.MX_I2C1_Init) refers to stm32l4xx_hal_i2c_ex.o(i.HAL_I2CEx_ConfigAnalogFilter) for HAL_I2CEx_ConfigAnalogFilter
    main.o(i.MX_I2C1_Init) refers to stm32l4xx_hal_i2c_ex.o(i.HAL_I2CEx_ConfigDigitalFilter) for HAL_I2CEx_ConfigDigitalFilter
    main.o(i.MX_I2C1_Init) refers to main.o(.bss) for .bss
    main.o(i.MX_USART1_UART_Init) refers to stm32l4xx_hal_uart.o(i.HAL_UART_Init) for HAL_UART_Init
    main.o(i.MX_USART1_UART_Init) refers to main.o(.bss) for .bss
    main.o(i.MX_USART2_UART_Init) refers to stm32l4xx_hal_uart.o(i.HAL_UART_Init) for HAL_UART_Init
    main.o(i.MX_USART2_UART_Init) refers to main.o(.bss) for .bss
    main.o(i.SystemClock_Config) refers to rt_memclr_w.o(.text) for __aeabi_memclr4
    main.o(i.SystemClock_Config) refers to stm32l4xx_hal_pwr_ex.o(i.HAL_PWREx_ControlVoltageScaling) for HAL_PWREx_ControlVoltageScaling
    main.o(i.SystemClock_Config) refers to stm32l4xx_hal_rcc.o(i.HAL_RCC_OscConfig) for HAL_RCC_OscConfig
    main.o(i.SystemClock_Config) refers to stm32l4xx_hal_rcc.o(i.HAL_RCC_ClockConfig) for HAL_RCC_ClockConfig
    main.o(i.main) refers to _printf_percent.o(.ARM.Collect$$_printf_percent$$00000000) for _printf_percent
    main.o(i.main) refers to _printf_u.o(.ARM.Collect$$_printf_percent$$0000000A) for _printf_u
    main.o(i.main) refers to _printf_dec.o(.text) for _printf_int_dec
    main.o(i.main) refers to rt_memcpy_w.o(.text) for __aeabi_memcpy4
    main.o(i.main) refers to stm32l4xx_hal.o(i.HAL_Init) for HAL_Init
    main.o(i.main) refers to main.o(i.SystemClock_Config) for SystemClock_Config
    main.o(i.main) refers to main.o(i.MX_GPIO_Init) for MX_GPIO_Init
    main.o(i.main) refers to main.o(i.MX_I2C1_Init) for MX_I2C1_Init
    main.o(i.main) refers to main.o(i.MX_USART1_UART_Init) for MX_USART1_UART_Init
    main.o(i.main) refers to main.o(i.MX_USART2_UART_Init) for MX_USART2_UART_Init
    main.o(i.main) refers to strlen.o(.text) for strlen
    main.o(i.main) refers to stm32l4xx_hal_uart.o(i.HAL_UART_Transmit) for HAL_UART_Transmit
    main.o(i.main) refers to stm32l4xx_hal_uart.o(i.HAL_UART_Receive) for HAL_UART_Receive
    main.o(i.main) refers to stm32l4xx_hal.o(i.HAL_Delay) for HAL_Delay
    main.o(i.main) refers to rt_memclr.o(.text) for __aeabi_memclr
    main.o(i.main) refers to rt_memclr_w.o(.text) for __aeabi_memclr4
    main.o(i.main) refers to stm32l4xx_hal_i2c.o(i.HAL_I2C_Master_Transmit) for HAL_I2C_Master_Transmit
    main.o(i.main) refers to stm32l4xx_hal_i2c.o(i.HAL_I2C_Master_Receive) for HAL_I2C_Master_Receive
    main.o(i.main) refers to strcpy.o(.text) for strcpy
    main.o(i.main) refers to dflt_clz.o(x$fpl$dflt) for __aeabi_i2d
[...]
    Removing stm32l4xx_hal_uart.o(i.HAL_MultiProcessor_EnableMuteMode), (48 bytes).
    Removing stm32l4xx_hal_uart.o(i.HAL_MultiProcessor_EnterMuteMode), (12 bytes).
    Removing stm32l4xx_hal_uart.o(i.HAL_MultiProcessor_Init), (134 bytes).
    Removing stm32l4xx_hal_uart.o(i.HAL_UARTEx_RxEventCallback), (2 bytes).
    Removing stm32l4xx_hal_uart.o(i.HAL_UART_Abort), (226 bytes).
    Removing stm32l4xx_hal_uart.o(i.HAL_UART_AbortCpltCallback), (2 bytes).
    Removing stm32l4xx_hal_uart.o(i.HAL_UART_AbortReceive), (162 bytes).
    Removing stm32l4xx_hal_uart.o(i.HAL_UART_AbortReceiveCpltCallback), (2 bytes).
    Removing stm32l4xx_hal_uart.o(i.HAL_UART_AbortReceive_IT), (180 bytes).
    Removing stm32l4xx_hal_uart.o(i.HAL_UART_AbortTransmit), (98 bytes).
    Removing stm32l4xx_hal_uart.o(i.HAL_UART_AbortTransmitCpltCallback), (2 bytes).
    Removing stm32l4xx_hal_uart.o(i.HAL_UART_AbortTransmit_IT), (104 bytes).
    Removing stm32l4xx_hal_uart.o(i.HAL_UART_Abort_IT), (260 bytes).
    Removing stm32l4xx_hal_uart.o(i.HAL_UART_DMAPause), (138 bytes).
    Removing stm32l4xx_hal_uart.o(i.HAL_UART_DMAResume), (130 bytes).
    Removing stm32l4xx_hal_uart.o(i.HAL_UART_DMAStop), (140 bytes).
    Removing stm32l4xx_hal_uart.o(i.HAL_UART_DeInit), (62 bytes).
    Removing stm32l4xx_hal_uart.o(i.HAL_UART_DisableReceiverTimeout), (64 bytes).
    Removing stm32l4xx_hal_uart.o(i.HAL_UART_EnableReceiverTimeout), (64 bytes).
    Removing stm32l4xx_hal_uart.o(i.HAL_UART_ErrorCallback), (2 bytes).
    Removing stm32l4xx_hal_uart.o(i.HAL_UART_GetError), (6 bytes).
    Removing stm32l4xx_hal_uart.o(i.HAL_UART_GetState), (10 bytes).
    Removing stm32l4xx_hal_uart.o(i.HAL_UART_IRQHandler), (660 bytes).
    Removing stm32l4xx_hal_uart.o(i.HAL_UART_MspDeInit), (2 bytes).
    Removing stm32l4xx_hal_uart.o(i.HAL_UART_MspInit), (2 bytes).
    Removing stm32l4xx_hal_uart.o(i.HAL_UART_Receive_DMA), (84 bytes).
    Removing stm32l4xx_hal_uart.o(i.HAL_UART_Receive_IT), (84 bytes).
    Removing stm32l4xx_hal_uart.o(i.HAL_UART_ReceiverTimeout_Config), (24 bytes).
    Removing stm32l4xx_hal_uart.o(i.HAL_UART_RxCpltCallback), (2 bytes).
    Removing stm32l4xx_hal_uart.o(i.HAL_UART_RxHalfCpltCallback), (2 bytes).
    Removing stm32l4xx_hal_uart.o(i.HAL_UART_Transmit_DMA), (160 bytes).
    Removing stm32l4xx_hal_uart.o(i.HAL_UART_Transmit_IT), (112 bytes).
    Removing stm32l4xx_hal_uart.o(i.HAL_UART_TxCpltCallback), (2 bytes).
    Removing stm32l4xx_hal_uart.o(i.HAL_UART_TxHalfCpltCallback), (2 bytes).
    Removing stm32l4xx_hal_uart.o(i.UART_DMAAbortOnError), (20 bytes).
    Removing stm32l4xx_hal_uart.o(i.UART_DMAError), (76 bytes).
    Removing stm32l4xx_hal_uart.o(i.UART_DMAReceiveCplt), (128 bytes).
    Removing stm32l4xx_hal_uart.o(i.UART_DMARxAbortCallback), (62 bytes).
    Removing stm32l4xx_hal_uart.o(i.UART_DMARxHalfCplt), (28 bytes).
    Removing stm32l4xx_hal_uart.o(i.UART_DMARxOnlyAbortCallback), (38 bytes).
    Removing stm32l4xx_hal_uart.o(i.UART_DMATransmitCplt), (66 bytes).
    Removing stm32l4xx_hal_uart.o(i.UART_DMATxAbortCallback), (52 bytes).
    Removing stm32l4xx_hal_uart.o(i.UART_DMATxHalfCplt), (10 bytes).
    Removing stm32l4xx_hal_uart.o(i.UART_DMATxOnlyAbortCallback), (20 bytes).
    Removing stm32l4xx_hal_uart.o(i.UART_EndRxTransfer), (74 bytes).
    Removing stm32l4xx_hal_uart.o(i.UART_EndTxTransfer), (24 bytes).
    Removing stm32l4xx_hal_uart.o(i.UART_RxISR_16BIT), (158 bytes).
    Removing stm32l4xx_hal_uart.o(i.UART_RxISR_8BIT), (158 bytes).
    Removing stm32l4xx_hal_uart.o(i.UART_Start_Receive_DMA), (164 bytes).
    Removing stm32l4xx_hal_uart.o(i.UART_Start_Receive_IT), (184 bytes).
    Removing stm32l4xx_hal_uart.o(i.UART_TxISR_16BIT), (80 bytes).
    Removing stm32l4xx_hal_uart.o(i.UART_TxISR_8BIT), (76 bytes).
    Removing stm32l4xx_hal_uart_ex.o(.rev16_text), (4 bytes).
    Removing stm32l4xx_hal_uart_ex.o(.revsh_text), (4 bytes).
    Removing stm32l4xx_hal_uart_ex.o(.rrx_text), (6 bytes).
    Removing stm32l4xx_hal_uart_ex.o(i.HAL_MultiProcessorEx_AddressLength_Set), (46 bytes).
    Removing stm32l4xx_hal_uart_ex.o(i.HAL_RS485Ex_Init), (136 bytes).
    Removing stm32l4xx_hal_uart_ex.o(i.HAL_UARTEx_DisableClockStopMode), (48 bytes).
    Removing stm32l4xx_hal_uart_ex.o(i.HAL_UARTEx_DisableStopMode), (46 bytes).
    Removing stm32l4xx_hal_uart_ex.o(i.HAL_UARTEx_EnableClockStopMode), (48 bytes).
    Removing stm32l4xx_hal_uart_ex.o(i.HAL_UARTEx_EnableStopMode), (46 bytes).
    Removing stm32l4xx_hal_uart_ex.o(i.HAL_UARTEx_ReceiveToIdle), (310 bytes).
    Removing stm32l4xx_hal_uart_ex.o(i.HAL_UARTEx_ReceiveToIdle_DMA), (80 bytes).
    Removing stm32l4xx_hal_uart_ex.o(i.HAL_UARTEx_ReceiveToIdle_IT), (80 bytes).
    Removing stm32l4xx_hal_uart_ex.o(i.HAL_UARTEx_StopModeWakeUpSourceConfig), (134 bytes).
    Removing stm32l4xx_hal_uart_ex.o(i.HAL_UARTEx_WakeupCallback), (2 bytes).
    Removing system_stm32l4xx.o(.rev16_text), (4 bytes).
    Removing system_stm32l4xx.o(.revsh_text), (4 bytes).
    Removing system_stm32l4xx.o(.rrx_text), (6 bytes).
    Removing system_stm32l4xx.o(i.SystemCoreClockUpdate), (168 bytes).

397 unused section(s) (total 27704 bytes) removed from the image.

==============================================================================

Image Symbol Table

    Local Symbols

    Symbol Name                              Value     Ov Type        Size  Object(Section)

    ../Core/Src/main.c                       0x00000000   Number         0  main.o ABSOLUTE
    ../Core/Src/stm32l4xx_hal_msp.c          0x00000000   Number         0  stm32l4xx_hal_msp.o ABSOLUTE
    ../Core/Src/stm32l4xx_it.c               0x00000000   Number         0  stm32l4xx_it.o ABSOLUTE
    ../Core/Src/system_stm32l4xx.c           0x00000000   Number         0  system_stm32l4xx.o ABSOLUTE
    ../Drivers/STM32L4xx_HAL_Driver/Src/stm32l4xx_hal.c 0x00000000   Number         0  stm32l4xx_hal.o ABSOLUTE
    ../Drivers/STM32L4xx_HAL_Driver/Src/stm32l4xx_hal_cortex.c 0x00000000   Number         0  stm32l4xx_hal_cortex.o ABSOLUTE
    ../Drivers/STM32L4xx_HAL_Driver/Src/stm32l4xx_hal_dma.c 0x00000000   Number         0  stm32l4xx_hal_dma.o ABSOLUTE
    ../Drivers/STM32L4xx_HAL_Driver/Src/stm32l4xx_hal_dma_ex.c 0x00000000   Number         0  stm32l4xx_hal_dma_ex.o ABSOLUTE
    ../Drivers/STM32L4xx_HAL_Driver/Src/stm32l4xx_hal_exti.c 0x00000000   Number         0  stm32l4xx_hal_exti.o ABSOLUTE
    ../Drivers/STM32L4xx_HAL_Driver/Src/stm32l4xx_hal_flash.c 0x00000000   Number         0  stm32l4xx_hal_flash.o ABSOLUTE
    ../Drivers/STM32L4xx_HAL_Driver/Src/stm32l4xx_hal_flash_ex.c 0x00000000   Number         0  stm32l4xx_hal_flash_ex.o ABSOLUTE
    ../Drivers/STM32L4xx_HAL_Driver/Src/stm32l4xx_hal_flash_ramfunc.c 0x00000000   Number         0  stm32l4xx_hal_flash_ramfunc.o ABSOLUTE
    ../Drivers/STM32L4xx_HAL_Driver/Src/stm32l4xx_hal_gpio.c 0x00000000   Number         0  stm32l4xx_hal_gpio.o ABSOLUTE
    ../Drivers/STM32L4xx_HAL_Driver/Src/stm32l4xx_hal_i2c.c 0x00000000   Number         0  stm32l4xx_hal_i2c.o ABSOLUTE
    ../Drivers/STM32L4xx_HAL_Driver/Src/stm32l4xx_hal_i2c_ex.c 0x00000000   Number         0  stm32l4xx_hal_i2c_ex.o ABSOLUTE
    ../Drivers/STM32L4xx_HAL_Driver/Src/stm32l4xx_hal_pwr.c 0x00000000   Number         0  stm32l4xx_hal_pwr.o ABSOLUTE
    ../Drivers/STM32L4xx_HAL_Driver/Src/stm32l4xx_hal_pwr_ex.c 0x00000000   Number         0  stm32l4xx_hal_pwr_ex.o ABSOLUTE
    ../Drivers/STM32L4xx_HAL_Driver/Src/stm32l4xx_hal_rcc.c 0x00000000   Number         0  stm32l4xx_hal_rcc.o ABSOLUTE
    ../Drivers/STM32L4xx_HAL_Driver/Src/stm32l4xx_hal_rcc_ex.c 0x00000000   Number         0  stm32l4xx_hal_rcc_ex.o ABSOLUTE
    ../Drivers/STM32L4xx_HAL_Driver/Src/stm32l4xx_hal_tim.c 0x00000000   Number         0  stm32l4xx_hal_tim.o ABSOLUTE
    ../Drivers/STM32L4xx_HAL_Driver/Src/stm32l4xx_hal_tim_ex.c 0x00000000   Number         0  stm32l4xx_hal_tim_ex.o ABSOLUTE
    ../Drivers/STM32L4xx_HAL_Driver/Src/stm32l4xx_hal_uart.c 0x00000000   Number         0  stm32l4xx_hal_uart.o ABSOLUTE
    ../Drivers/STM32L4xx_HAL_Driver/Src/stm32l4xx_hal_uart_ex.c 0x00000000   Number         0  stm32l4xx_hal_uart_ex.o ABSOLUTE
    ../clib/angel/boardlib.s                 0x00000000   Number         0  boardinit1.o ABSOLUTE
    ../clib/angel/boardlib.s                 0x00000000   Number         0  boardinit2.o ABSOLUTE
    ../clib/angel/boardlib.s                 0x00000000   Number         0  boardinit3.o ABSOLUTE
    ../clib/angel/boardlib.s                 0x00000000   Number         0  boardshut.o ABSOLUTE
    ../clib/angel/dczerorl2.s                0x00000000   Number         0  __dczerorl2.o ABSOLUTE
    ../clib/angel/handlers.s                 0x00000000   Number         0  __scatter_zi.o ABSOLUTE
    ../clib/angel/kernel.s                   0x00000000   Number         0  rtexit.o ABSOLUTE
    ../clib/angel/kernel.s                   0x00000000   Number         0  __rtentry4.o ABSOLUTE
    ../clib/angel/kernel.s                   0x00000000   Number         0  rtexit2.o ABSOLUTE
    ../clib/angel/kernel.s                   0x00000000   Number         0  __rtentry2.o ABSOLUTE
    ../clib/angel/kernel.s                   0x00000000   Number         0  __rtentry.o ABSOLUTE
    ../clib/angel/rt.s                       0x00000000   Number         0  aeabi_ldiv0.o ABSOLUTE
    ../clib/angel/rt.s                       0x00000000   Number         0  rt_div0.o ABSOLUTE
    ../clib/angel/rt.s                       0x00000000   Number         0  aeabi_ldiv0_sigfpe.o ABSOLUTE
    ../clib/angel/rt.s                       0x00000000   Number         0  rt_raise.o ABSOLUTE
    ../clib/angel/scatter.s                  0x00000000   Number         0  __scatter.o ABSOLUTE
    ../clib/angel/startup.s                  0x00000000   Number         0  __main.o ABSOLUTE
    ../clib/angel/sys.s                      0x00000000   Number         0  use_no_semi.o ABSOLUTE
    ../clib/angel/sys.s                      0x00000000   Number         0  sys_stackheap_outer.o ABSOLUTE
    ../clib/angel/sys.s                      0x00000000   Number         0  indicate_semi.o ABSOLUTE
    ../clib/angel/sys.s                      0x00000000   Number         0  libspace.o ABSOLUTE
    ../clib/angel/sysapp.c                   0x00000000   Number         0  sys_command.o ABSOLUTE
    ../clib/angel/sysapp.c                   0x00000000   Number         0  sys_wrch.o ABSOLUTE
    ../clib/angel/sysapp.c                   0x00000000   Number         0  sys_exit.o ABSOLUTE
    ../clib/armsys.c                         0x00000000   Number         0  no_argv.o ABSOLUTE
    ../clib/armsys.c                         0x00000000   Number         0  _get_argv_nomalloc.o ABSOLUTE
    ../clib/armsys.c                         0x00000000   Number         0  argv_veneer.o ABSOLUTE
    ../clib/armsys.c                         0x00000000   Number         0  argv_veneer.o ABSOLUTE
    ../clib/heapalloc.c                      0x00000000   Number         0  hrguard.o ABSOLUTE
    ../clib/heapaux.c                        0x00000000   Number         0  heapauxi.o ABSOLUTE
    ../clib/libinit.s                        0x00000000   Number         0  libshutdown.o ABSOLUTE
    ../clib/libinit.s                        0x00000000   Number         0  libinit2.o ABSOLUTE
    ../clib/libinit.s                        0x00000000   Number         0  libshutdown2.o ABSOLUTE
    ../clib/libinit.s                        0x00000000   Number         0  libinit.o ABSOLUTE
    ../clib/longlong.s                       0x00000000   Number         0  lludivv7m.o ABSOLUTE
    ../clib/memcpset.s                       0x00000000   Number         0  rt_memclr_w.o ABSOLUTE
    ../clib/memcpset.s                       0x00000000   Number         0  rt_memcpy_w.o ABSOLUTE
    ../clib/memcpset.s                       0x00000000   Number         0  rt_memclr.o ABSOLUTE
    ../clib/printf.c                         0x00000000   Number         0  __printf_flags_wp.o ABSOLUTE
    ../clib/printf.c                         0x00000000   Number         0  __printf_ss_wp.o ABSOLUTE
    ../clib/printf.c                         0x00000000   Number         0  __printf_flags_ss_wp.o ABSOLUTE
    ../clib/printf.c                         0x00000000   Number         0  __2sprintf.o ABSOLUTE
    ../clib/printf.c                         0x00000000   Number         0  noretval__2sprintf.o ABSOLUTE
    ../clib/printf.c                         0x00000000   Number         0  __printf.o ABSOLUTE
    ../clib/printf.c                         0x00000000   Number         0  __printf_flags.o ABSOLUTE
    ../clib/printf.c                         0x00000000   Number         0  __printf_nopercent.o ABSOLUTE
    ../clib/printf.c                         0x00000000   Number         0  _printf_dec.o ABSOLUTE
    ../clib/printf.c                         0x00000000   Number         0  _printf_intcommon.o ABSOLUTE
    ../clib/printf.c                         0x00000000   Number         0  __printf_ss.o ABSOLUTE
    ../clib/printf.c                         0x00000000   Number         0  _printf_char_common.o ABSOLUTE
    ../clib/printf.c                         0x00000000   Number         0  _sputc.o ABSOLUTE
    ../clib/printf.c                         0x00000000   Number         0  __printf_flags_ss.o ABSOLUTE
    ../clib/printf.c                         0x00000000   Number         0  __printf_wp.o ABSOLUTE
    ../clib/printf_percent.s                 0x00000000   Number         0  _printf_u.o ABSOLUTE
    ../clib/printf_percent.s                 0x00000000   Number         0  _printf_percent_end.o ABSOLUTE
    ../clib/printf_percent.s                 0x00000000   Number         0  _printf_percent.o ABSOLUTE
    ../clib/signal.c                         0x00000000   Number         0  defsig_stak_inner.o ABSOLUTE
    ../clib/signal.c                         0x00000000   Number         0  defsig_rtmem_formal.o ABSOLUTE
    ../clib/signal.c                         0x00000000   Number         0  defsig_fpe_inner.o ABSOLUTE
    ../clib/signal.c                         0x00000000   Number         0  defsig_fpe_outer.o ABSOLUTE
    ../clib/signal.c                         0x00000000   Number         0  defsig_pvfn_inner.o ABSOLUTE
    ../clib/signal.c                         0x00000000   Number         0  defsig_fpe_formal.o ABSOLUTE
    ../clib/signal.c                         0x00000000   Number         0  defsig_exit.o ABSOLUTE
    ../clib/signal.c                         0x00000000   Number         0  defsig_abrt_inner.o ABSOLUTE
    ../clib/signal.c                         0x00000000   Number         0  __raise.o ABSOLUTE
    ../clib/signal.c                         0x00000000   Number         0  defsig_cppl_inner.o ABSOLUTE
    ../clib/signal.c                         0x00000000   Number         0  defsig_segv_inner.o ABSOLUTE
    ../clib/signal.c                         0x00000000   Number         0  defsig_other.o ABSOLUTE
    ../clib/signal.c                         0x00000000   Number         0  defsig_rtmem_inner.o ABSOLUTE
    ../clib/signal.c                         0x00000000   Number         0  defsig_general.o ABSOLUTE
    ../clib/signal.c                         0x00000000   Number         0  defsig_rtmem_outer.o ABSOLUTE
    ../clib/signal.c                         0x00000000   Number         0  defsig_rtred_inner.o ABSOLUTE
    ../clib/signal.s                         0x00000000   Number         0  defsig.o ABSOLUTE
    ../clib/stdlib.c                         0x00000000   Number         0  exit.o ABSOLUTE
    ../clib/string.c                         0x00000000   Number         0  strlen.o ABSOLUTE
    ../clib/string.c                         0x00000000   Number         0  strcpy.o ABSOLUTE
    ../fplib/d2f.s                           0x00000000   Number         0  d2f.o ABSOLUTE
    ../fplib/dflt.s                          0x00000000   Number         0  dflt_clz.o ABSOLUTE
    ../fplib/dmul.s                          0x00000000   Number         0  dmul.o ABSOLUTE
    ../fplib/dnaninf.s                       0x00000000   Number         0  dnaninf.o ABSOLUTE
    ../fplib/dretinf.s                       0x00000000   Number         0  dretinf.o ABSOLUTE
    ../fplib/fpinit.s                        0x00000000   Number         0  fpinit.o ABSOLUTE
    ../fplib/fretinf.s                       0x00000000   Number         0  fretinf.o ABSOLUTE
    ../fplib/usenofp.s                       0x00000000   Number         0  usenofp.o ABSOLUTE
    ..\Core\Src\main.c                       0x00000000   Number         0  main.o ABSOLUTE
    ..\Core\Src\stm32l4xx_hal_msp.c          0x00000000   Number         0  stm32l4xx_hal_msp.o ABSOLUTE
    ..\Core\Src\stm32l4xx_it.c               0x00000000   Number         0  stm32l4xx_it.o ABSOLUTE
    ..\Core\Src\system_stm32l4xx.c           0x00000000   Number         0  system_stm32l4xx.o ABSOLUTE
    ..\Drivers\STM32L4xx_HAL_Driver\Src\stm32l4xx_hal.c 0x00000000   Number         0  stm32l4xx_hal.o ABSOLUTE
    ..\Drivers\STM32L4xx_HAL_Driver\Src\stm32l4xx_hal_cortex.c 0x00000000   Number         0  stm32l4xx_hal_cortex.o ABSOLUTE
    ..\Drivers\STM32L4xx_HAL_Driver\Src\stm32l4xx_hal_dma.c 0x00000000   Number         0  stm32l4xx_hal_dma.o ABSOLUTE
    ..\Drivers\STM32L4xx_HAL_Driver\Src\stm32l4xx_hal_dma_ex.c 0x00000000   Number         0  stm32l4xx_hal_dma_ex.o ABSOLUTE
    ..\Drivers\STM32L4xx_HAL_Driver\Src\stm32l4xx_hal_exti.c 0x00000000   Number         0  stm32l4xx_hal_exti.o ABSOLUTE
    ..\Drivers\STM32L4xx_HAL_Driver\Src\stm32l4xx_hal_flash.c 0x00000000   Number         0  stm32l4xx_hal_flash.o ABSOLUTE
    ..\Drivers\STM32L4xx_HAL_Driver\Src\stm32l4xx_hal_flash_ex.c 0x00000000   Number         0  stm32l4xx_hal_flash_ex.o ABSOLUTE
    ..\Drivers\STM32L4xx_HAL_Driver\Src\stm32l4xx_hal_flash_ramfunc.c 0x00000000   Number         0  stm32l4xx_hal_flash_ramfunc.o ABSOLUTE
    ..\Drivers\STM32L4xx_HAL_Driver\Src\stm32l4xx_hal_gpio.c 0x00000000   Number         0  stm32l4xx_hal_gpio.o ABSOLUTE
    ..\Drivers\STM32L4xx_HAL_Driver\Src\stm32l4xx_hal_i2c.c 0x00000000   Number         0  stm32l4xx_hal_i2c.o ABSOLUTE
    ..\Drivers\STM32L4xx_HAL_Driver\Src\stm32l4xx_hal_i2c_ex.c 0x00000000   Number         0  stm32l4xx_hal_i2c_ex.o ABSOLUTE
    ..\Drivers\STM32L4xx_HAL_Driver\Src\stm32l4xx_hal_pwr.c 0x00000000   Number         0  stm32l4xx_hal_pwr.o ABSOLUTE
    ..\Drivers\STM32L4xx_HAL_Driver\Src\stm32l4xx_hal_pwr_ex.c 0x00000000   Number         0  stm32l4xx_hal_pwr_ex.o ABSOLUTE
    ..\Drivers\STM32L4xx_HAL_Driver\Src\stm32l4xx_hal_rcc.c 0x00000000   Number         0  stm32l4xx_hal_rcc.o ABSOLUTE
    ..\Drivers\STM32L4xx_HAL_Driver\Src\stm32l4xx_hal_rcc_ex.c 0x00000000   Number         0  stm32l4xx_hal_rcc_ex.o ABSOLUTE
    ..\Drivers\STM32L4xx_HAL_Driver\Src\stm32l4xx_hal_tim.c 0x00000000   Number         0  stm32l4xx_hal_tim.o ABSOLUTE
    ..\Drivers\STM32L4xx_HAL_Driver\Src\stm32l4xx_hal_tim_ex.c 0x00000000   Number         0  stm32l4xx_hal_tim_ex.o ABSOLUTE
    ..\Drivers\STM32L4xx_HAL_Driver\Src\stm32l4xx_hal_uart.c 0x00000000   Number         0  stm32l4xx_hal_uart.o ABSOLUTE
    ..\Drivers\STM32L4xx_HAL_Driver\Src\stm32l4xx_hal_uart_ex.c 0x00000000   Number         0  stm32l4xx_hal_uart_ex.o ABSOLUTE
    dc.s                                     0x00000000   Number         0  dc.o ABSOLUTE
    startup_stm32l476xx.s                    0x00000000   Number         0  startup_stm32l476xx.o ABSOLUTE
    RESET                                    0x08000000   Section      392  startup_stm32l476xx.o(RESET)
    !!!main                                  0x08000188   Section        8  __main.o(!!!main)
    !!!scatter                               0x08000190   Section       52  __scatter.o(!!!scatter)
    !!dczerorl2                              0x080001c4   Section       90  __dczerorl2.o(!!dczerorl2)
    !!handler_zi                             0x08000220   Section       28  __scatter_zi.o(!!handler_zi)
    .ARM.Collect$$_printf_percent$$00000000  0x0800023c   Section        0  _printf_percent.o(.ARM.Collect$$_printf_percent$$00000000)
    .ARM.Collect$$_printf_percent$$0000000A  0x0800023c   Section        6  _printf_u.o(.ARM.Collect$$_printf_percent$$0000000A)
    .ARM.Collect$$_printf_percent$$00000017  0x08000242   Section        4  _printf_percent_end.o(.ARM.Collect$$_printf_percent$$00000017)
    .ARM.Collect$$libinit$$00000000          0x08000246   Section        2  libinit.o(.ARM.Collect$$libinit$$00000000)
    .ARM.Collect$$libinit$$00000001          0x08000248   Section        4  libinit2.o(.ARM.Collect$$libinit$$00000001)
    .ARM.Collect$$libinit$$00000004          0x0800024c   Section        0  libinit2.o(.ARM.Collect$$libinit$$00000004)
    .ARM.Collect$$libinit$$0000000A          0x0800024c   Section        0  libinit2.o(.ARM.Collect$$libinit$$0000000A)
    .ARM.Collect$$libinit$$0000000C          0x0800024c   Section        0  libinit2.o(.ARM.Collect$$libinit$$0000000C)
    .ARM.Collect$$libinit$$0000000E          0x0800024c   Section        0  libinit2.o(.ARM.Collect$$libinit$$0000000E)
    .ARM.Collect$$libinit$$00000011          0x0800024c   Section        0  libinit2.o(.ARM.Collect$$libinit$$00000011)
    .ARM.Collect$$libinit$$00000013          0x0800024c   Section        0  libinit2.o(.ARM.Collect$$libinit$$00000013)
    .ARM.Collect$$libinit$$00000015          0x0800024c   Section        0  libinit2.o(.ARM.Collect$$libinit$$00000015)
    .ARM.Collect$$libinit$$00000017          0x0800024c   Section        0  libinit2.o(.ARM.Collect$$libinit$$00000017)
    .ARM.Collect$$libinit$$00000019          0x0800024c   Section        0  libinit2.o(.ARM.Collect$$libinit$$00000019)
    .ARM.Collect$$libinit$$0000001B          0x0800024c   Section        0  libinit2.o(.ARM.Collect$$libinit$$0000001B)
    .ARM.Collect$$libinit$$0000001D          0x0800024c   Section        0  libinit2.o(.ARM.Collect$$libinit$$0000001D)
    .ARM.Collect$$libinit$$0000001F          0x0800024c   Section        0  libinit2.o(.ARM.Collect$$libinit$$0000001F)
    .ARM.Collect$$libinit$$00000021          0x0800024c   Section        0  libinit2.o(.ARM.Collect$$libinit$$00000021)
    .ARM.Collect$$libinit$$00000023          0x0800024c   Section        0  libinit2.o(.ARM.Collect$$libinit$$00000023)
    .ARM.Collect$$libinit$$00000025          0x0800024c   Section        0  libinit2.o(.ARM.Collect$$libinit$$00000025)
    .ARM.Collect$$libinit$$0000002C          0x0800024c   Section        0  libinit2.o(.ARM.Collect$$libinit$$0000002C)
    .ARM.Collect$$libinit$$0000002E          0x0800024c   Section        0  libinit2.o(.ARM.Collect$$libinit$$0000002E)
    .ARM.Collect$$libinit$$00000030          0x0800024c   Section        0  libinit2.o(.ARM.Collect$$libinit$$00000030)
    .ARM.Collect$$libinit$$00000032          0x0800024c   Section        0  libinit2.o(.ARM.Collect$$libinit$$00000032)
    .ARM.Collect$$libinit$$00000033          0x0800024c   Section        2  libinit2.o(.ARM.Collect$$libinit$$00000033)
    .ARM.Collect$$libshutdown$$00000000      0x0800024e   Section        2  libshutdown.o(.ARM.Collect$$libshutdown$$00000000)
    .ARM.Collect$$libshutdown$$00000002      0x08000250   Section        0  libshutdown2.o(.ARM.Collect$$libshutdown$$00000002)
    .ARM.Collect$$libshutdown$$00000004      0x08000250   Section        0  libshutdown2.o(.ARM.Collect$$libshutdown$$00000004)
    .ARM.Collect$$libshutdown$$00000006      0x08000250   Section        0  libshutdown2.o(.ARM.Collect$$libshutdown$$00000006)
    .ARM.Collect$$libshutdown$$00000009      0x08000250   Section        0  libshutdown2.o(.ARM.Collect$$libshutdown$$00000009)
    .ARM.Collect$$libshutdown$$0000000C      0x08000250   Section        0  libshutdown2.o(.ARM.Collect$$libshutdown$$0000000C)
    .ARM.Collect$$libshutdown$$0000000E      0x08000250   Section        0  libshutdown2.o(.ARM.Collect$$libshutdown$$0000000E)
    .ARM.Collect$$libshutdown$$00000011      0x08000250   Section        0  libshutdown2.o(.ARM.Collect$$libshutdown$$00000011)
    .ARM.Collect$$libshutdown$$00000012      0x08000250   Section        2  libshutdown2.o(.ARM.Collect$$libshutdown$$00000012)
    .ARM.Collect$$rtentry$$00000000          0x08000252   Section        0  __rtentry.o(.ARM.Collect$$rtentry$$00000000)
    .ARM.Collect$$rtentry$$00000002          0x08000252   Section        0  __rtentry2.o(.ARM.Collect$$rtentry$$00000002)
    .ARM.Collect$$rtentry$$00000004          0x08000252   Section        6  __rtentry4.o(.ARM.Collect$$rtentry$$00000004)
    .ARM.Collect$$rtentry$$00000009          0x08000258   Section        0  __rtentry2.o(.ARM.Collect$$rtentry$$00000009)
    .ARM.Collect$$rtentry$$0000000A          0x08000258   Section        4  __rtentry2.o(.ARM.Collect$$rtentry$$0000000A)
    .ARM.Collect$$rtentry$$0000000C          0x0800025c   Section        0  __rtentry2.o(.ARM.Collect$$rtentry$$0000000C)
    .ARM.Collect$$rtentry$$0000000D          0x0800025c   Section        8  __rtentry2.o(.ARM.Collect$$rtentry$$0000000D)
    .ARM.Collect$$rtexit$$00000000           0x08000264   Section        2  rtexit.o(.ARM.Collect$$rtexit$$00000000)
    .ARM.Collect$$rtexit$$00000002           0x08000266   Section        0  rtexit2.o(.ARM.Collect$$rtexit$$00000002)
    .ARM.Collect$$rtexit$$00000003           0x08000266   Section        4  rtexit2.o(.ARM.Collect$$rtexit$$00000003)
    .ARM.Collect$$rtexit$$00000004           0x0800026a   Section        6  rtexit2.o(.ARM.Collect$$rtexit$$00000004)
    .text                                    0x08000270   Section       64  startup_stm32l476xx.o(.text)
    $v0                                      0x08000270   Number         0  startup_stm32l476xx.o(.text)
    .text                                    0x080002b0   Section      238  lludivv7m.o(.text)
    .text                                    0x080003a0   Section        0  noretval__2sprintf.o(.text)
    .text                                    0x080003c8   Section        0  __printf.o(.text)
    .text                                    0x08000430   Section        0  _printf_dec.o(.text)
    .text                                    0x080004a8   Section        0  strcpy.o(.text)
    .text                                    0x080004f0   Section        0  strlen.o(.text)
    .text                                    0x0800052e   Section      100  rt_memcpy_w.o(.text)
    .text                                    0x08000592   Section       68  rt_memclr.o(.text)
    .text                                    0x080005d6   Section       78  rt_memclr_w.o(.text)
    .text                                    0x08000624   Section        0  heapauxi.o(.text)
    .text                                    0x0800062a   Section        0  _printf_intcommon.o(.text)
    .text                                    0x080006dc   Section        0  _printf_char_common.o(.text)
    _printf_input_char                       0x080006dd   Thumb Code    10  _printf_char_common.o(.text)
    .text                                    0x0800070c   Section        0  _sputc.o(.text)
    .text                                    0x08000716   Section       74  sys_stackheap_outer.o(.text)
    .text                                    0x08000760   Section        0  exit.o(.text)
    .text                                    0x08000774   Section        8  libspace.o(.text)
    .text                                    0x0800077c   Section        0  sys_exit.o(.text)
    .text                                    0x08000788   Section        2  use_no_semi.o(.text)
    .text                                    0x0800078a   Section        0  indicate_semi.o(.text)
    i.BusFault_Handler                       0x0800078a   Section        0  stm32l4xx_it.o(i.BusFault_Handler)
    i.DebugMon_Handler                       0x0800078c   Section        0  stm32l4xx_it.o(i.DebugMon_Handler)
    i.Error_Handler                          0x0800078e   Section        0  main.o(i.Error_Handler)
    i.HAL_Delay                              0x08000794   Section        0  stm32l4xx_hal.o(i.HAL_Delay)
    i.HAL_GPIO_Init                          0x080007b8   Section        0  stm32l4xx_hal_gpio.o(i.HAL_GPIO_Init)
    i.HAL_GPIO_WritePin                      0x080009d6   Section        0  stm32l4xx_hal_gpio.o(i.HAL_GPIO_WritePin)
    i.HAL_GetTick                            0x080009e0   Section        0  stm32l4xx_hal.o(i.HAL_GetTick)
    i.HAL_I2CEx_ConfigAnalogFilter           0x080009ec   Section        0  stm32l4xx_hal_i2c_ex.o(i.HAL_I2CEx_ConfigAnalogFilter)
    i.HAL_I2CEx_ConfigDigitalFilter          0x08000a42   Section        0  stm32l4xx_hal_i2c_ex.o(i.HAL_I2CEx_ConfigDigitalFilter)
    i.HAL_I2C_Init                           0x08000a94   Section        0  stm32l4xx_hal_i2c.o(i.HAL_I2C_Init)
    i.HAL_I2C_Master_Receive                 0x08000b4c   Section        0  stm32l4xx_hal_i2c.o(i.HAL_I2C_Master_Receive)
    i.HAL_I2C_Master_Transmit                0x08000c78   Section        0  stm32l4xx_hal_i2c.o(i.HAL_I2C_Master_Transmit)
    i.HAL_I2C_MspInit                        0x08000da4   Section        0  stm32l4xx_hal_msp.o(i.HAL_I2C_MspInit)
    i.HAL_IncTick                            0x08000e24   Section        0  stm32l4xx_hal.o(i.HAL_IncTick)
    i.HAL_Init                               0x08000e34   Section        0  stm32l4xx_hal.o(i.HAL_Init)
    i.HAL_InitTick                           0x08000e60   Section        0  stm32l4xx_hal.o(i.HAL_InitTick)
    i.HAL_MspInit                            0x08000ea4   Section        0  stm32l4xx_hal_msp.o(i.HAL_MspInit)
    i.HAL_NVIC_SetPriority                   0x08000ed0   Section        0  stm32l4xx_hal_cortex.o(i.HAL_NVIC_SetPriority)
    i.HAL_NVIC_SetPriorityGrouping           0x08000f10   Section        0  stm32l4xx_hal_cortex.o(i.HAL_NVIC_SetPriorityGrouping)
    i.HAL_PWREx_ControlVoltageScaling        0x08000f34   Section        0  stm32l4xx_hal_pwr_ex.o(i.HAL_PWREx_ControlVoltageScaling)
    i.HAL_PWREx_GetVoltageRange              0x08000f9c   Section        0  stm32l4xx_hal_pwr_ex.o(i.HAL_PWREx_GetVoltageRange)
    i.HAL_RCCEx_PeriphCLKConfig              0x08000fac   Section        0  stm32l4xx_hal_rcc_ex.o(i.HAL_RCCEx_PeriphCLKConfig)
    i.HAL_RCC_ClockConfig                    0x0800135c   Section        0  stm32l4xx_hal_rcc.o(i.HAL_RCC_ClockConfig)
    i.HAL_RCC_GetPCLK1Freq                   0x0800147c   Section        0  stm32l4xx_hal_rcc.o(i.HAL_RCC_GetPCLK1Freq)
    i.HAL_RCC_GetPCLK2Freq                   0x080014a0   Section        0  stm32l4xx_hal_rcc.o(i.HAL_RCC_GetPCLK2Freq)
    i.HAL_RCC_GetSysClockFreq                0x080014c4   Section        0  stm32l4xx_hal_rcc.o(i.HAL_RCC_GetSysClockFreq)
    i.HAL_RCC_OscConfig                      0x08001568   Section        0  stm32l4xx_hal_rcc.o(i.HAL_RCC_OscConfig)
    i.HAL_SYSTICK_Config                     0x08001a90   Section        0  stm32l4xx_hal_cortex.o(i.HAL_SYSTICK_Config)
    i.HAL_UART_Init                          0x08001ab8   Section        0  stm32l4xx_hal_uart.o(i.HAL_UART_Init)
    i.HAL_UART_MspInit                       0x08001b20   Section        0  stm32l4xx_hal_msp.o(i.HAL_UART_MspInit)
    i.HAL_UART_Receive                       0x08001be4   Section        0  stm32l4xx_hal_uart.o(i.HAL_UART_Receive)
    i.HAL_UART_Transmit                      0x08001ce4   Section        0  stm32l4xx_hal_uart.o(i.HAL_UART_Transmit)
    i.HardFault_Handler                      0x08001d9a   Section        0  stm32l4xx_it.o(i.HardFault_Handler)
    i.I2C_Flush_TXDR                         0x08001d9c   Section        0  stm32l4xx_hal_i2c.o(i.I2C_Flush_TXDR)
    I2C_Flush_TXDR                           0x08001d9d   Thumb Code    34  stm32l4xx_hal_i2c.o(i.I2C_Flush_TXDR)
    i.I2C_IsErrorOccurred                    0x08001dc0   Section        0  stm32l4xx_hal_i2c.o(i.I2C_IsErrorOccurred)
    I2C_IsErrorOccurred                      0x08001dc1   Thumb Code   284  stm32l4xx_hal_i2c.o(i.I2C_IsErrorOccurred)
    i.I2C_TransferConfig                     0x08001ee0   Section        0  stm32l4xx_hal_i2c.o(i.I2C_TransferConfig)
    I2C_TransferConfig                       0x08001ee1   Thumb Code    44  stm32l4xx_hal_i2c.o(i.I2C_TransferConfig)
    i.I2C_WaitOnFlagUntilTimeout             0x08001f10   Section        0  stm32l4xx_hal_i2c.o(i.I2C_WaitOnFlagUntilTimeout)
    I2C_WaitOnFlagUntilTimeout               0x08001f11   Thumb Code    88  stm32l4xx_hal_i2c.o(i.I2C_WaitOnFlagUntilTimeout)
    i.I2C_WaitOnRXNEFlagUntilTimeout         0x08001f68   Section        0  stm32l4xx_hal_i2c.o(i.I2C_WaitOnRXNEFlagUntilTimeout)
    I2C_WaitOnRXNEFlagUntilTimeout           0x08001f69   Thumb Code   150  stm32l4xx_hal_i2c.o(i.I2C_WaitOnRXNEFlagUntilTimeout)
    i.I2C_WaitOnSTOPFlagUntilTimeout         0x08002004   Section        0  stm32l4xx_hal_i2c.o(i.I2C_WaitOnSTOPFlagUntilTimeout)
    I2C_WaitOnSTOPFlagUntilTimeout           0x08002005   Thumb Code    76  stm32l4xx_hal_i2c.o(i.I2C_WaitOnSTOPFlagUntilTimeout)
    i.I2C_WaitOnTXISFlagUntilTimeout         0x08002050   Section        0  stm32l4xx_hal_i2c.o(i.I2C_WaitOnTXISFlagUntilTimeout)
    I2C_WaitOnTXISFlagUntilTimeout           0x08002051   Thumb Code    80  stm32l4xx_hal_i2c.o(i.I2C_WaitOnTXISFlagUntilTimeout)
    i.MX_GPIO_Init                           0x080020a0   Section        0  main.o(i.MX_GPIO_Init)
    MX_GPIO_Init                             0x080020a1   Thumb Code   140  main.o(i.MX_GPIO_Init)
    i.MX_I2C1_Init                           0x08002134   Section        0  main.o(i.MX_I2C1_Init)
    MX_I2C1_Init                             0x08002135   Thumb Code    72  main.o(i.MX_I2C1_Init)
    i.MX_USART1_UART_Init                    0x08002188   Section        0  main.o(i.MX_USART1_UART_Init)
    MX_USART1_UART_Init                      0x08002189   Thumb Code    48  main.o(i.MX_USART1_UART_Init)
    i.MX_USART2_UART_Init                    0x080021c0   Section        0  main.o(i.MX_USART2_UART_Init)
    MX_USART2_UART_Init                      0x080021c1   Thumb Code    48  main.o(i.MX_USART2_UART_Init)
    i.MemManage_Handler                      0x080021f8   Section        0  stm32l4xx_it.o(i.MemManage_Handler)
    i.NMI_Handler                            0x080021fa   Section        0  stm32l4xx_it.o(i.NMI_Handler)
    i.PendSV_Handler                         0x080021fc   Section        0  stm32l4xx_it.o(i.PendSV_Handler)
    i.RCCEx_PLLSAI1_Config                   0x08002200   Section        0  stm32l4xx_hal_rcc_ex.o(i.RCCEx_PLLSAI1_Config)
    RCCEx_PLLSAI1_Config                     0x08002201   Thumb Code   278  stm32l4xx_hal_rcc_ex.o(i.RCCEx_PLLSAI1_Config)
    i.RCCEx_PLLSAI2_Config                   0x0800232c   Section        0  stm32l4xx_hal_rcc_ex.o(i.RCCEx_PLLSAI2_Config)
    RCCEx_PLLSAI2_Config                     0x0800232d   Thumb Code   250  stm32l4xx_hal_rcc_ex.o(i.RCCEx_PLLSAI2_Config)
    i.RCC_SetFlashLatencyFromMSIRange        0x08002434   Section        0  stm32l4xx_hal_rcc.o(i.RCC_SetFlashLatencyFromMSIRange)
    RCC_SetFlashLatencyFromMSIRange          0x08002435   Thumb Code   116  stm32l4xx_hal_rcc.o(i.RCC_SetFlashLatencyFromMSIRange)
    i.SVC_Handler                            0x080024b0   Section        0  stm32l4xx_it.o(i.SVC_Handler)
    i.SysTick_Handler                        0x080024b2   Section        0  stm32l4xx_it.o(i.SysTick_Handler)
    i.SystemClock_Config                     0x080024b6   Section        0  main.o(i.SystemClock_Config)
    i.SystemInit                             0x08002528   Section        0  system_stm32l4xx.o(i.SystemInit)
    i.UART_AdvFeatureConfig                  0x08002538   Section        0  stm32l4xx_hal_uart.o(i.UART_AdvFeatureConfig)
    i.UART_CheckIdleState                    0x08002600   Section        0  stm32l4xx_hal_uart.o(i.UART_CheckIdleState)
    i.UART_SetConfig                         0x0800265c   Section        0  stm32l4xx_hal_uart.o(i.UART_SetConfig)
    i.UART_WaitOnFlagUntilTimeout            0x080028a4   Section        0  stm32l4xx_hal_uart.o(i.UART_WaitOnFlagUntilTimeout)
    i.UsageFault_Handler                     0x0800296a   Section        0  stm32l4xx_it.o(i.UsageFault_Handler)
    i.__NVIC_SetPriority                     0x0800296c   Section        0  stm32l4xx_hal_cortex.o(i.__NVIC_SetPriority)
    __NVIC_SetPriority                       0x0800296d   Thumb Code    32  stm32l4xx_hal_cortex.o(i.__NVIC_SetPriority)
    i.main                                   0x0800298c   Section        0  main.o(i.main)
    x$fpl$d2f                                0x08003008   Section       98  d2f.o(x$fpl$d2f)
    $v0                                      0x08003008   Number         0  d2f.o(x$fpl$d2f)
    x$fpl$dflt                               0x0800306a   Section       46  dflt_clz.o(x$fpl$dflt)
    $v0                                      0x0800306a   Number         0  dflt_clz.o(x$fpl$dflt)
    x$fpl$dmul                               0x08003098   Section      340  dmul.o(x$fpl$dmul)
    $v0                                      0x08003098   Number         0  dmul.o(x$fpl$dmul)
    x$fpl$dnaninf                            0x080031ec   Section      156  dnaninf.o(x$fpl$dnaninf)
    $v0                                      0x080031ec   Number         0  dnaninf.o(x$fpl$dnaninf)
    x$fpl$dretinf                            0x08003288   Section       12  dretinf.o(x$fpl$dretinf)
    $v0                                      0x08003288   Number         0  dretinf.o(x$fpl$dretinf)
    x$fpl$fpinit                             0x08003294   Section       10  fpinit.o(x$fpl$fpinit)
    $v0                                      0x08003294   Number         0  fpinit.o(x$fpl$fpinit)
    x$fpl$fretinf                            0x0800329e   Section       10  fretinf.o(x$fpl$fretinf)
    $v0                                      0x0800329e   Number         0  fretinf.o(x$fpl$fretinf)
    .constdata                               0x080032a8   Section       64  system_stm32l4xx.o(.constdata)
    x$fpl$usenofp                            0x080032a8   Section        0  usenofp.o(x$fpl$usenofp)
    .constdata                               0x080032e8   Section        8  system_stm32l4xx.o(.constdata)
    .data                                    0x20000000   Section      522  main.o(.data)
    .data                                    0x2000020c   Section       12  stm32l4xx_hal.o(.data)
    .data                                    0x20000218   Section        4  system_stm32l4xx.o(.data)
    .bss                                     0x2000021c   Section      500  main.o(.bss)
    .bss                                     0x20000410   Section       96  libspace.o(.bss)
    HEAP                                     0x20000470   Section      512  startup_stm32l476xx.o(HEAP)
    Heap_Mem                                 0x20000470   Data         512  startup_stm32l476xx.o(HEAP)
    STACK                                    0x20000670   Section     1024  startup_stm32l476xx.o(STACK)
    Stack_Mem                                0x20000670   Data        1024  startup_stm32l476xx.o(STACK)
    __initial_sp                             0x20000a70   Data           0  startup_stm32l476xx.o(STACK)

    Global Symbols

    Symbol Name                              Value     Ov Type        Size  Object(Section)

    BuildAttributes$$THM_ISAv4$E$P$D$K$B$S$7EM$VFPi3$EXTD16$VFPS$VFMA$PE$A:L22UL41UL21$X:L11$S22US41US21$IEEE1$IW$USESV6$~STKCKD$USESV7$~SHL$OSPACE$ROPI$EBA8$UX$STANDARDLIB$REQ8$PRES8$EABIv2 0x00000000   Number         0  anon$$obj.o ABSOLUTE
    __ARM_use_no_argv                        0x00000000   Number         0  main.o ABSOLUTE
    __ARM_exceptions_init                     - Undefined Weak Reference
    __alloca_initialize                       - Undefined Weak Reference
    __arm_fini_                               - Undefined Weak Reference
    __arm_preinit_                            - Undefined Weak Reference
    __cpp_initialize__aeabi_                  - Undefined Weak Reference
    __cxa_finalize                            - Undefined Weak Reference
    __rt_locale                               - Undefined Weak Reference
    __sigvec_lookup                           - Undefined Weak Reference
    _atexit_init                              - Undefined Weak Reference
    _call_atexit_fns                          - Undefined Weak Reference
    _clock_init                               - Undefined Weak Reference
    _fp_trap_init                             - Undefined Weak Reference
    _fp_trap_shutdown                         - Undefined Weak Reference
    _get_lc_collate                           - Undefined Weak Reference
    _get_lc_ctype                             - Undefined Weak Reference
    _get_lc_monetary                          - Undefined Weak Reference
    _get_lc_numeric                           - Undefined Weak Reference
    _get_lc_time                              - Undefined Weak Reference
    _getenv_init                              - Undefined Weak Reference
    _handle_redirection                       - Undefined Weak Reference
    _init_alloc                               - Undefined Weak Reference
    _init_user_alloc                          - Undefined Weak Reference
    _initio                                   - Undefined Weak Reference
    _printf_post_padding                      - Undefined Weak Reference
    _printf_pre_padding                       - Undefined Weak Reference
    _printf_truncate_signed                   - Undefined Weak Reference
    _printf_truncate_unsigned                 - Undefined Weak Reference
    _rand_init                                - Undefined Weak Reference
    _signal_finish                            - Undefined Weak Reference
    _signal_init                              - Undefined Weak Reference
    _terminate_alloc                          - Undefined Weak Reference
    _terminate_user_alloc                     - Undefined Weak Reference
    _terminateio                              - Undefined Weak Reference
    __Vectors_Size                           0x00000188   Number         0  startup_stm32l476xx.o ABSOLUTE
    __Vectors                                0x08000000   Data           4  startup_stm32l476xx.o(RESET)
    __Vectors_End                            0x08000188   Data           0  startup_stm32l476xx.o(RESET)
    __main                                   0x08000189   Thumb Code     8  __main.o(!!!main)
    __scatterload                            0x08000191   Thumb Code     0  __scatter.o(!!!scatter)
    __scatterload_rt2                        0x08000191   Thumb Code    44  __scatter.o(!!!scatter)
    __scatterload_rt2_thumb_only             0x08000191   Thumb Code     0  __scatter.o(!!!scatter)
    __scatterload_null                       0x0800019f   Thumb Code     0  __scatter.o(!!!scatter)
    __decompress                             0x080001c5   Thumb Code    90  __dczerorl2.o(!!dczerorl2)
    __decompress1                            0x080001c5   Thumb Code     0  __dczerorl2.o(!!dczerorl2)
    __scatterload_zeroinit                   0x08000221   Thumb Code    28  __scatter_zi.o(!!handler_zi)
    _printf_percent                          0x0800023d   Thumb Code     0  _printf_percent.o(.ARM.Collect$$_printf_percent$$00000000)
    _printf_u                                0x0800023d   Thumb Code     0  _printf_u.o(.ARM.Collect$$_printf_percent$$0000000A)
    _printf_percent_end                      0x08000243   Thumb Code     0  _printf_percent_end.o(.ARM.Collect$$_printf_percent$$00000017)
    __rt_lib_init                            0x08000247   Thumb Code     0  libinit.o(.ARM.Collect$$libinit$$00000000)
    __rt_lib_init_fp_1                       0x08000249   Thumb Code     0  libinit2.o(.ARM.Collect$$libinit$$00000001)
    __rt_lib_init_alloca_1                   0x0800024d   Thumb Code     0  libinit2.o(.ARM.Collect$$libinit$$0000002E)
    __rt_lib_init_argv_1                     0x0800024d   Thumb Code     0  libinit2.o(.ARM.Collect$$libinit$$0000002C)
    __rt_lib_init_atexit_1                   0x0800024d   Thumb Code     0  libinit2.o(.ARM.Collect$$libinit$$0000001B)
    __rt_lib_init_clock_1                    0x0800024d   Thumb Code     0  libinit2.o(.ARM.Collect$$libinit$$00000021)
    __rt_lib_init_cpp_1                      0x0800024d   Thumb Code     0  libinit2.o(.ARM.Collect$$libinit$$00000032)
    __rt_lib_init_exceptions_1               0x0800024d   Thumb Code     0  libinit2.o(.ARM.Collect$$libinit$$00000030)
    __rt_lib_init_fp_trap_1                  0x0800024d   Thumb Code     0  libinit2.o(.ARM.Collect$$libinit$$0000001F)
    __rt_lib_init_getenv_1                   0x0800024d   Thumb Code     0  libinit2.o(.ARM.Collect$$libinit$$00000023)
    __rt_lib_init_heap_1                     0x0800024d   Thumb Code     0  libinit2.o(.ARM.Collect$$libinit$$0000000A)
    __rt_lib_init_lc_collate_1               0x0800024d   Thumb Code     0  libinit2.o(.ARM.Collect$$libinit$$00000011)
    __rt_lib_init_lc_ctype_1                 0x0800024d   Thumb Code     0  libinit2.o(.ARM.Collect$$libinit$$00000013)
    __rt_lib_init_lc_monetary_1              0x0800024d   Thumb Code     0  libinit2.o(.ARM.Collect$$libinit$$00000015)
    __rt_lib_init_lc_numeric_1               0x0800024d   Thumb Code     0  libinit2.o(.ARM.Collect$$libinit$$00000017)
    __rt_lib_init_lc_time_1                  0x0800024d   Thumb Code     0  libinit2.o(.ARM.Collect$$libinit$$00000019)
    __rt_lib_init_preinit_1                  0x0800024d   Thumb Code     0  libinit2.o(.ARM.Collect$$libinit$$00000004)
    __rt_lib_init_rand_1                     0x0800024d   Thumb Code     0  libinit2.o(.ARM.Collect$$libinit$$0000000E)
    __rt_lib_init_return                     0x0800024d   Thumb Code     0  libinit2.o(.ARM.Collect$$libinit$$00000033)
    __rt_lib_init_signal_1                   0x0800024d   Thumb Code     0  libinit2.o(.ARM.Collect$$libinit$$0000001D)
    __rt_lib_init_stdio_1                    0x0800024d   Thumb Code     0  libinit2.o(.ARM.Collect$$libinit$$00000025)
    __rt_lib_init_user_alloc_1               0x0800024d   Thumb Code     0  libinit2.o(.ARM.Collect$$libinit$$0000000C)
    __rt_lib_shutdown                        0x0800024f   Thumb Code     0  libshutdown.o(.ARM.Collect$$libshutdown$$00000000)
    __rt_lib_shutdown_cpp_1                  0x08000251   Thumb Code     0  libshutdown2.o(.ARM.Collect$$libshutdown$$00000004)
    __rt_lib_shutdown_fini_1                 0x08000251   Thumb Code     0  libshutdown2.o(.ARM.Collect$$libshutdown$$00000002)
    __rt_lib_shutdown_fp_trap_1              0x08000251   Thumb Code     0  libshutdown2.o(.ARM.Collect$$libshutdown$$00000009)
    __rt_lib_shutdown_heap_1                 0x08000251   Thumb Code     0  libshutdown2.o(.ARM.Collect$$libshutdown$$00000011)
    __rt_lib_shutdown_return                 0x08000251   Thumb Code     0  libshutdown2.o(.ARM.Collect$$libshutdown$$00000012)
    __rt_lib_shutdown_signal_1               0x08000251   Thumb Code     0  libshutdown2.o(.ARM.Collect$$libshutdown$$0000000C)
    __rt_lib_shutdown_stdio_1                0x08000251   Thumb Code     0  libshutdown2.o(.ARM.Collect$$libshutdown$$00000006)
    __rt_lib_shutdown_user_alloc_1           0x08000251   Thumb Code     0  libshutdown2.o(.ARM.Collect$$libshutdown$$0000000E)
    __rt_entry                               0x08000253   Thumb Code     0  __rtentry.o(.ARM.Collect$$rtentry$$00000000)
    __rt_entry_presh_1                       0x08000253   Thumb Code     0  __rtentry2.o(.ARM.Collect$$rtentry$$00000002)
    __rt_entry_sh                            0x08000253   Thumb Code     0  __rtentry4.o(.ARM.Collect$$rtentry$$00000004)
    __rt_entry_li                            0x08000259   Thumb Code     0  __rtentry2.o(.ARM.Collect$$rtentry$$0000000A)
    __rt_entry_postsh_1                      0x08000259   Thumb Code     0  __rtentry2.o(.ARM.Collect$$rtentry$$00000009)
    __rt_entry_main                          0x0800025d   Thumb Code     0  __rtentry2.o(.ARM.Collect$$rtentry$$0000000D)
    __rt_entry_postli_1                      0x0800025d   Thumb Code     0  __rtentry2.o(.ARM.Collect$$rtentry$$0000000C)
    __rt_exit                                0x08000265   Thumb Code     0  rtexit.o(.ARM.Collect$$rtexit$$00000000)
    __rt_exit_ls                             0x08000267   Thumb Code     0  rtexit2.o(.ARM.Collect$$rtexit$$00000003)
    __rt_exit_prels_1                        0x08000267   Thumb Code     0  rtexit2.o(.ARM.Collect$$rtexit$$00000002)
    __rt_exit_exit                           0x0800026b   Thumb Code     0  rtexit2.o(.ARM.Collect$$rtexit$$00000004)
    Reset_Handler                            0x08000271   Thumb Code     8  startup_stm32l476xx.o(.text)
    ADC1_2_IRQHandler                        0x0800028b   Thumb Code     0  startup_stm32l476xx.o(.text)
    ADC3_IRQHandler                          0x0800028b   Thumb Code     0  startup_stm32l476xx.o(.text)
    CAN1_RX0_IRQHandler                      0x0800028b   Thumb Code     0  startup_stm32l476xx.o(.text)
    CAN1_RX1_IRQHandler                      0x0800028b   Thumb Code     0  startup_stm32l476xx.o(.text)
    CAN1_SCE_IRQHandler                      0x0800028b   Thumb Code     0  startup_stm32l476xx.o(.text)
    CAN1_TX_IRQHandler                       0x0800028b   Thumb Code     0  startup_stm32l476xx.o(.text)
    COMP_IRQHandler                          0x0800028b   Thumb Code     0  startup_stm32l476xx.o(.text)
    DFSDM1_FLT0_IRQHandler                   0x0800028b   Thumb Code     0  startup_stm32l476xx.o(.text)
    DFSDM1_FLT1_IRQHandler                   0x0800028b   Thumb Code     0  startup_stm32l476xx.o(.text)
    DFSDM1_FLT2_IRQHandler                   0x0800028b   Thumb Code     0  startup_stm32l476xx.o(.text)
    DFSDM1_FLT3_IRQHandler                   0x0800028b   Thumb Code     0  startup_stm32l476xx.o(.text)
    DMA1_Channel1_IRQHandler                 0x0800028b   Thumb Code     0  startup_stm32l476xx.o(.text)
    DMA1_Channel2_IRQHandler                 0x0800028b   Thumb Code     0  startup_stm32l476xx.o(.text)
    DMA1_Channel3_IRQHandler                 0x0800028b   Thumb Code     0  startup_stm32l476xx.o(.text)
    DMA1_Channel4_IRQHandler                 0x0800028b   Thumb Code     0  startup_stm32l476xx.o(.text)
    DMA1_Channel5_IRQHandler                 0x0800028b   Thumb Code     0  startup_stm32l476xx.o(.text)
    DMA1_Channel6_IRQHandler                 0x0800028b   Thumb Code     0  startup_stm32l476xx.o(.text)
    DMA1_Channel7_IRQHandler                 0x0800028b   Thumb Code     0  startup_stm32l476xx.o(.text)
    DMA2_Channel1_IRQHandler                 0x0800028b   Thumb Code     0  startup_stm32l476xx.o(.text)
    DMA2_Channel2_IRQHandler                 0x0800028b   Thumb Code     0  startup_stm32l476xx.o(.text)
    DMA2_Channel3_IRQHandler                 0x0800028b   Thumb Code     0  startup_stm32l476xx.o(.text)
    DMA2_Channel4_IRQHandler                 0x0800028b   Thumb Code     0  startup_stm32l476xx.o(.text)
    DMA2_Channel5_IRQHandler                 0x0800028b   Thumb Code     0  startup_stm32l476xx.o(.text)
    DMA2_Channel6_IRQHandler                 0x0800028b   Thumb Code     0  startup_stm32l476xx.o(.text)
    DMA2_Channel7_IRQHandler                 0x0800028b   Thumb Code     0  startup_stm32l476xx.o(.text)
    EXTI0_IRQHandler                         0x0800028b   Thumb Code     0  startup_stm32l476xx.o(.text)
    EXTI15_10_IRQHandler                     0x0800028b   Thumb Code     0  startup_stm32l476xx.o(.text)
    EXTI1_IRQHandler                         0x0800028b   Thumb Code     0  startup_stm32l476xx.o(.text)
    EXTI2_IRQHandler                         0x0800028b   Thumb Code     0  startup_stm32l476xx.o(.text)
    EXTI3_IRQHandler                         0x0800028b   Thumb Code     0  startup_stm32l476xx.o(.text)
    EXTI4_IRQHandler                         0x0800028b   Thumb Code     0  startup_stm32l476xx.o(.text)
    EXTI9_5_IRQHandler                       0x0800028b   Thumb Code     0  startup_stm32l476xx.o(.text)
    FLASH_IRQHandler                         0x0800028b   Thumb Code     0  startup_stm32l476xx.o(.text)
    FMC_IRQHandler                           0x0800028b   Thumb Code     0  startup_stm32l476xx.o(.text)
    FPU_IRQHandler                           0x0800028b   Thumb Code     0  startup_stm32l476xx.o(.text)
    I2C1_ER_IRQHandler                       0x0800028b   Thumb Code     0  startup_stm32l476xx.o(.text)
    I2C1_EV_IRQHandler                       0x0800028b   Thumb Code     0  startup_stm32l476xx.o(.text)
    I2C2_ER_IRQHandler                       0x0800028b   Thumb Code     0  startup_stm32l476xx.o(.text)
    I2C2_EV_IRQHandler                       0x0800028b   Thumb Code     0  startup_stm32l476xx.o(.text)
    I2C3_ER_IRQHandler                       0x0800028b   Thumb Code     0  startup_stm32l476xx.o(.text)
    I2C3_EV_IRQHandler                       0x0800028b   Thumb Code     0  startup_stm32l476xx.o(.text)
    LCD_IRQHandler                           0x0800028b   Thumb Code     0  startup_stm32l476xx.o(.text)
    LPTIM1_IRQHandler                        0x0800028b   Thumb Code     0  startup_stm32l476xx.o(.text)
    LPTIM2_IRQHandler                        0x0800028b   Thumb Code     0  startup_stm32l476xx.o(.text)
    LPUART1_IRQHandler                       0x0800028b   Thumb Code     0  startup_stm32l476xx.o(.text)
    OTG_FS_IRQHandler                        0x0800028b   Thumb Code     0  startup_stm32l476xx.o(.text)
    PVD_PVM_IRQHandler                       0x0800028b   Thumb Code     0  startup_stm32l476xx.o(.text)
    QUADSPI_IRQHandler                       0x0800028b   Thumb Code     0  startup_stm32l476xx.o(.text)
    RCC_IRQHandler                           0x0800028b   Thumb Code     0  startup_stm32l476xx.o(.text)
    RNG_IRQHandler                           0x0800028b   Thumb Code     0  startup_stm32l476xx.o(.text)
    RTC_Alarm_IRQHandler                     0x0800028b   Thumb Code     0  startup_stm32l476xx.o(.text)
    RTC_WKUP_IRQHandler                      0x0800028b   Thumb Code     0  startup_stm32l476xx.o(.text)
    SAI1_IRQHandler                          0x0800028b   Thumb Code     0  startup_stm32l476xx.o(.text)
    SAI2_IRQHandler                          0x0800028b   Thumb Code     0  startup_stm32l476xx.o(.text)
    SDMMC1_IRQHandler                        0x0800028b   Thumb Code     0  startup_stm32l476xx.o(.text)
    SPI1_IRQHandler                          0x0800028b   Thumb Code     0  startup_stm32l476xx.o(.text)
    SPI2_IRQHandler                          0x0800028b   Thumb Code     0  startup_stm32l476xx.o(.text)
    SPI3_IRQHandler                          0x0800028b   Thumb Code     0  startup_stm32l476xx.o(.text)
    SWPMI1_IRQHandler                        0x0800028b   Thumb Code     0  startup_stm32l476xx.o(.text)
    TAMP_STAMP_IRQHandler                    0x0800028b   Thumb Code     0  startup_stm32l476xx.o(.text)
    TIM1_BRK_TIM15_IRQHandler                0x0800028b   Thumb Code     0  startup_stm32l476xx.o(.text)
    TIM1_CC_IRQHandler                       0x0800028b   Thumb Code     0  startup_stm32l476xx.o(.text)
    TIM1_TRG_COM_TIM17_IRQHandler            0x0800028b   Thumb Code     0  startup_stm32l476xx.o(.text)
    TIM1_UP_TIM16_IRQHandler                 0x0800028b   Thumb Code     0  startup_stm32l476xx.o(.text)
    TIM2_IRQHandler                          0x0800028b   Thumb Code     0  startup_stm32l476xx.o(.text)
    TIM3_IRQHandler                          0x0800028b   Thumb Code     0  startup_stm32l476xx.o(.text)
    TIM4_IRQHandler                          0x0800028b   Thumb Code     0  startup_stm32l476xx.o(.text)
    TIM5_IRQHandler                          0x0800028b   Thumb Code     0  startup_stm32l476xx.o(.text)
    TIM6_DAC_IRQHandler                      0x0800028b   Thumb Code     0  startup_stm32l476xx.o(.text)
    TIM7_IRQHandler                          0x0800028b   Thumb Code     0  startup_stm32l476xx.o(.text)
    TIM8_BRK_IRQHandler                      0x0800028b   Thumb Code     0  startup_stm32l476xx.o(.text)
    TIM8_CC_IRQHandler                       0x0800028b   Thumb Code     0  startup_stm32l476xx.o(.text)
    TIM8_TRG_COM_IRQHandler                  0x0800028b   Thumb Code     0  startup_stm32l476xx.o(.text)
    TIM8_UP_IRQHandler                       0x0800028b   Thumb Code     0  startup_stm32l476xx.o(.text)
    TSC_IRQHandler                           0x0800028b   Thumb Code     0  startup_stm32l476xx.o(.text)
    UART4_IRQHandler                         0x0800028b   Thumb Code     0  startup_stm32l476xx.o(.text)
    UART5_IRQHandler                         0x0800028b   Thumb Code     0  startup_stm32l476xx.o(.text)
    USART1_IRQHandler                        0x0800028b   Thumb Code     0  startup_stm32l476xx.o(.text)
    USART2_IRQHandler                        0x0800028b   Thumb Code     0  startup_stm32l476xx.o(.text)
    USART3_IRQHandler                        0x0800028b   Thumb Code     0  startup_stm32l476xx.o(.text)
    WWDG_IRQHandler                          0x0800028b   Thumb Code     0  startup_stm32l476xx.o(.text)
    __user_initial_stackheap                 0x0800028d   Thumb Code     0  startup_stm32l476xx.o(.text)
    __aeabi_uldivmod                         0x080002b1   Thumb Code     0  lludivv7m.o(.text)
    _ll_udiv                                 0x080002b1   Thumb Code   238  lludivv7m.o(.text)
    __2sprintf                               0x080003a1   Thumb Code    34  noretval__2sprintf.o(.text)
    __printf                                 0x080003c9   Thumb Code   104  __printf.o(.text)
    _printf_int_dec                          0x08000431   Thumb Code   104  _printf_dec.o(.text)
    strcpy                                   0x080004a9   Thumb Code    72  strcpy.o(.text)
    strlen                                   0x080004f1   Thumb Code    62  strlen.o(.text)
    __aeabi_memcpy4                          0x0800052f   Thumb Code     0  rt_memcpy_w.o(.text)
    __aeabi_memcpy8                          0x0800052f   Thumb Code     0  rt_memcpy_w.o(.text)
    __rt_memcpy_w                            0x0800052f   Thumb Code   100  rt_memcpy_w.o(.text)
    _memcpy_lastbytes_aligned                0x08000577   Thumb Code     0  rt_memcpy_w.o(.text)
    __aeabi_memclr                           0x08000593   Thumb Code     0  rt_memclr.o(.text)
    __rt_memclr                              0x08000593   Thumb Code    68  rt_memclr.o(.text)
    _memset                                  0x08000597   Thumb Code     0  rt_memclr.o(.text)
    __aeabi_memclr4                          0x080005d7   Thumb Code     0  rt_memclr_w.o(.text)
    __aeabi_memclr8                          0x080005d7   Thumb Code     0  rt_memclr_w.o(.text)
    __rt_memclr_w                            0x080005d7   Thumb Code    78  rt_memclr_w.o(.text)
    _memset_w                                0x080005db   Thumb Code     0  rt_memclr_w.o(.text)
    __use_two_region_memory                  0x08000625   Thumb Code     2  heapauxi.o(.text)
    __rt_heap_escrow$2region                 0x08000627   Thumb Code     2  heapauxi.o(.text)
    __rt_heap_expand$2region                 0x08000629   Thumb Code     2  heapauxi.o(.text)
    _printf_int_common                       0x0800062b   Thumb Code   178  _printf_intcommon.o(.text)
    _printf_char_common                      0x080006e7   Thumb Code    32  _printf_char_common.o(.text)
    _sputc                                   0x0800070d   Thumb Code    10  _sputc.o(.text)
    __user_setup_stackheap                   0x08000717   Thumb Code    74  sys_stackheap_outer.o(.text)
    exit                                     0x08000761   Thumb Code    18  exit.o(.text)
    __user_libspace                          0x08000775   Thumb Code     8  libspace.o(.text)
    __user_perproc_libspace                  0x08000775   Thumb Code     0  libspace.o(.text)
    __user_perthread_libspace                0x08000775   Thumb Code     0  libspace.o(.text)
    _sys_exit                                0x0800077d   Thumb Code     8  sys_exit.o(.text)
    __I$use$semihosting                      0x08000789   Thumb Code     0  use_no_semi.o(.text)
    __use_no_semihosting_swi                 0x08000789   Thumb Code     2  use_no_semi.o(.text)
    BusFault_Handler                         0x0800078b   Thumb Code     2  stm32l4xx_it.o(i.BusFault_Handler)
    __semihosting_library_function           0x0800078b   Thumb Code     0  indicate_semi.o(.text)
    DebugMon_Handler                         0x0800078d   Thumb Code     2  stm32l4xx_it.o(i.DebugMon_Handler)
    Error_Handler                            0x0800078f   Thumb Code     4  main.o(i.Error_Handler)
    HAL_Delay                                0x08000795   Thumb Code    32  stm32l4xx_hal.o(i.HAL_Delay)
    HAL_GPIO_Init                            0x080007b9   Thumb Code   500  stm32l4xx_hal_gpio.o(i.HAL_GPIO_Init)
    HAL_GPIO_WritePin                        0x080009d7   Thumb Code    10  stm32l4xx_hal_gpio.o(i.HAL_GPIO_WritePin)
    HAL_GetTick                              0x080009e1   Thumb Code     6  stm32l4xx_hal.o(i.HAL_GetTick)
    HAL_I2CEx_ConfigAnalogFilter             0x080009ed   Thumb Code    86  stm32l4xx_hal_i2c_ex.o(i.HAL_I2CEx_ConfigAnalogFilter)
    HAL_I2CEx_ConfigDigitalFilter            0x08000a43   Thumb Code    82  stm32l4xx_hal_i2c_ex.o(i.HAL_I2CEx_ConfigDigitalFilter)
    HAL_I2C_Init                             0x08000a95   Thumb Code   178  stm32l4xx_hal_i2c.o(i.HAL_I2C_Init)
    HAL_I2C_Master_Receive                   0x08000b4d   Thumb Code   282  stm32l4xx_hal_i2c.o(i.HAL_I2C_Master_Receive)
    HAL_I2C_Master_Transmit                  0x08000c79   Thumb Code   282  stm32l4xx_hal_i2c.o(i.HAL_I2C_Master_Transmit)
    HAL_I2C_MspInit                          0x08000da5   Thumb Code   116  stm32l4xx_hal_msp.o(i.HAL_I2C_MspInit)
    HAL_IncTick                              0x08000e25   Thumb Code    12  stm32l4xx_hal.o(i.HAL_IncTick)
    HAL_Init                                 0x08000e35   Thumb Code    40  stm32l4xx_hal.o(i.HAL_Init)
    HAL_InitTick                             0x08000e61   Thumb Code    58  stm32l4xx_hal.o(i.HAL_InitTick)
    HAL_MspInit                              0x08000ea5   Thumb Code    38  stm32l4xx_hal_msp.o(i.HAL_MspInit)
    HAL_NVIC_SetPriority                     0x08000ed1   Thumb Code    60  stm32l4xx_hal_cortex.o(i.HAL_NVIC_SetPriority)
    HAL_NVIC_SetPriorityGrouping             0x08000f11   Thumb Code    26  stm32l4xx_hal_cortex.o(i.HAL_NVIC_SetPriorityGrouping)
    HAL_PWREx_ControlVoltageScaling          0x08000f35   Thumb Code    90  stm32l4xx_hal_pwr_ex.o(i.HAL_PWREx_ControlVoltageScaling)
    HAL_PWREx_GetVoltageRange                0x08000f9d   Thumb Code    10  stm32l4xx_hal_pwr_ex.o(i.HAL_PWREx_GetVoltageRange)
    HAL_RCCEx_PeriphCLKConfig                0x08000fad   Thumb Code   928  stm32l4xx_hal_rcc_ex.o(i.HAL_RCCEx_PeriphCLKConfig)
    HAL_RCC_ClockConfig                      0x0800135d   Thumb Code   266  stm32l4xx_hal_rcc.o(i.HAL_RCC_ClockConfig)
    HAL_RCC_GetPCLK1Freq                     0x0800147d   Thumb Code    24  stm32l4xx_hal_rcc.o(i.HAL_RCC_GetPCLK1Freq)
    HAL_RCC_GetPCLK2Freq                     0x080014a1   Thumb Code    24  stm32l4xx_hal_rcc.o(i.HAL_RCC_GetPCLK2Freq)
    HAL_RCC_GetSysClockFreq                  0x080014c5   Thumb Code   150  stm32l4xx_hal_rcc.o(i.HAL_RCC_GetSysClockFreq)
    HAL_RCC_OscConfig                        0x08001569   Thumb Code  1310  stm32l4xx_hal_rcc.o(i.HAL_RCC_OscConfig)
    HAL_SYSTICK_Config                       0x08001a91   Thumb Code    40  stm32l4xx_hal_cortex.o(i.HAL_SYSTICK_Config)
    HAL_UART_Init                            0x08001ab9   Thumb Code   102  stm32l4xx_hal_uart.o(i.HAL_UART_Init)
    HAL_UART_MspInit                         0x08001b21   Thumb Code   184  stm32l4xx_hal_msp.o(i.HAL_UART_MspInit)
    HAL_UART_Receive                         0x08001be5   Thumb Code   248  stm32l4xx_hal_uart.o(i.HAL_UART_Receive)
    HAL_UART_Transmit                        0x08001ce5   Thumb Code   182  stm32l4xx_hal_uart.o(i.HAL_UART_Transmit)
    HardFault_Handler                        0x08001d9b   Thumb Code     2  stm32l4xx_it.o(i.HardFault_Handler)
    MemManage_Handler                        0x080021f9   Thumb Code     2  stm32l4xx_it.o(i.MemManage_Handler)
    NMI_Handler                              0x080021fb   Thumb Code     2  stm32l4xx_it.o(i.NMI_Handler)
    PendSV_Handler                           0x080021fd   Thumb Code     2  stm32l4xx_it.o(i.PendSV_Handler)
    SVC_Handler                              0x080024b1   Thumb Code     2  stm32l4xx_it.o(i.SVC_Handler)
    SysTick_Handler                          0x080024b3   Thumb Code     4  stm32l4xx_it.o(i.SysTick_Handler)
    SystemClock_Config                       0x080024b7   Thumb Code   114  main.o(i.SystemClock_Config)
    SystemInit                               0x08002529   Thumb Code    12  system_stm32l4xx.o(i.SystemInit)
    UART_AdvFeatureConfig                    0x08002539   Thumb Code   200  stm32l4xx_hal_uart.o(i.UART_AdvFeatureConfig)
    UART_CheckIdleState                      0x08002601   Thumb Code    92  stm32l4xx_hal_uart.o(i.UART_CheckIdleState)
    UART_SetConfig                           0x0800265d   Thumb Code   542  stm32l4xx_hal_uart.o(i.UART_SetConfig)
    UART_WaitOnFlagUntilTimeout              0x080028a5   Thumb Code   198  stm32l4xx_hal_uart.o(i.UART_WaitOnFlagUntilTimeout)
    UsageFault_Handler                       0x0800296b   Thumb Code     2  stm32l4xx_it.o(i.UsageFault_Handler)
    main                                     0x0800298d   Thumb Code  1630  main.o(i.main)
    __aeabi_d2f                              0x08003009   Thumb Code     0  d2f.o(x$fpl$d2f)
    _d2f                                     0x08003009   Thumb Code    98  d2f.o(x$fpl$d2f)
    __aeabi_i2d                              0x0800306b   Thumb Code     0  dflt_clz.o(x$fpl$dflt)
    _dflt                                    0x0800306b   Thumb Code    46  dflt_clz.o(x$fpl$dflt)
    __aeabi_dmul                             0x08003099   Thumb Code     0  dmul.o(x$fpl$dmul)
    _dmul                                    0x08003099   Thumb Code   332  dmul.o(x$fpl$dmul)
    __fpl_dnaninf                            0x080031ed   Thumb Code   156  dnaninf.o(x$fpl$dnaninf)
    __fpl_dretinf                            0x08003289   Thumb Code    12  dretinf.o(x$fpl$dretinf)
    _fp_init                                 0x08003295   Thumb Code    10  fpinit.o(x$fpl$fpinit)
    __fplib_config_fpu_vfp                   0x0800329d   Thumb Code     0  fpinit.o(x$fpl$fpinit)
    __fplib_config_pureend_doubles           0x0800329d   Thumb Code     0  fpinit.o(x$fpl$fpinit)
    __fpl_fretinf                            0x0800329f   Thumb Code    10  fretinf.o(x$fpl$fretinf)
    AHBPrescTable                            0x080032a8   Data          16  system_stm32l4xx.o(.constdata)
    __I$use$fp                               0x080032a8   Number         0  usenofp.o(x$fpl$usenofp)
    MSIRangeTable                            0x080032b8   Data          48  system_stm32l4xx.o(.constdata)
    APBPrescTable                            0x080032e8   Data           8  system_stm32l4xx.o(.constdata)
    Region$$Table$$Base                      0x080032f0   Number         0  anon$$obj.o(Region$$Table)
    Region$$Table$$Limit                     0x08003310   Number         0  anon$$obj.o(Region$$Table)
    ch                                       0x20000000   Data           1  main.o(.data)
    warning                                  0x20000004   Data           4  main.o(.data)
    CtrlZ                                    0x20000008   Data           4  main.o(.data)
    GsmTest                                  0x2000000c   Data          10  main.o(.data)
    ActivateTxtMode                          0x20000016   Data          20  main.o(.data)
    clearmem                                 0x2000002a   Data         100  main.o(.data)
    Readsms                                  0x2000008e   Data         150  main.o(.data)
    memory                                   0x20000124   Data         100  main.o(.data)
    PhoneNumber                              0x20000188   Data          30  main.o(.data)
    Message                                  0x200001a6   Data         100  main.o(.data)
    uwTickFreq                               0x2000020c   Data           1  stm32l4xx_hal.o(.data)
    uwTickPrio                               0x20000210   Data           4  stm32l4xx_hal.o(.data)
    uwTick                                   0x20000214   Data           4  stm32l4xx_hal.o(.data)
    SystemCoreClock                          0x20000218   Data           4  system_stm32l4xx.o(.data)
    hi2c1                                    0x2000021c   Data          76  main.o(.bss)
    huart1                                   0x20000268   Data         132  main.o(.bss)
    huart2                                   0x200002ec   Data         132  main.o(.bss)
    Rx_data                                  0x20000370   Data          10  main.o(.bss)
    Reply                                    0x2000037a   Data         150  main.o(.bss)
    __libspace_start                         0x20000410   Data          96  libspace.o(.bss)
    __temporary_stack_top$libspace           0x20000470   Data           0  libspace.o(.bss)



==============================================================================

Memory Map of the image

  Image Entry point : 0x08000189

  Load Region LR_IROM1 (Base: 0x08000000, Size: 0x0000352c, Max: 0x00100000, ABSOLUTE, COMPRESSED[0x00003380])

    Execution Region ER_IROM1 (Exec base: 0x08000000, Load base: 0x08000000, Size: 0x00003310, Max: 0x00100000, ABSOLUTE)

    Exec Addr    Load Addr    Size         Type   Attr      Idx    E Section Name        Object

    0x08000000   0x08000000   0x00000188   Data   RO            3    RESET               startup_stm32l476xx.o
    0x08000188   0x08000188   0x00000008   Code   RO         2877  * !!!main             c_w.l(__main.o)
    0x08000190   0x08000190   0x00000034   Code   RO         3074    !!!scatter          c_w.l(__scatter.o)
    0x080001c4   0x080001c4   0x0000005a   Code   RO         3072    !!dczerorl2         c_w.l(__dczerorl2.o)
    0x0800021e   0x0800021e   0x00000002   PAD
    0x08000220   0x08000220   0x0000001c   Code   RO         3076    !!handler_zi        c_w.l(__scatter_zi.o)
    0x0800023c   0x0800023c   0x00000000   Code   RO         2864    .ARM.Collect$$_printf_percent$$00000000  c_w.l(_printf_percent.o)
    0x0800023c   0x0800023c   0x00000006   Code   RO         2863    .ARM.Collect$$_printf_percent$$0000000A  c_w.l(_printf_u.o)
    0x08000242   0x08000242   0x00000004   Code   RO         2900    .ARM.Collect$$_printf_percent$$00000017  c_w.l(_printf_percent_end.o)
    0x08000246   0x08000246   0x00000002   Code   RO         2940    .ARM.Collect$$libinit$$00000000  c_w.l(libinit.o)
    0x08000248   0x08000248   0x00000004   Code   RO         2952    .ARM.Collect$$libinit$$00000001  c_w.l(libinit2.o)
    0x0800024c   0x0800024c   0x00000000   Code   RO         2955    .ARM.Collect$$libinit$$00000004  c_w.l(libinit2.o)
    0x0800024c   0x0800024c   0x00000000   Code   RO         2958    .ARM.Collect$$libinit$$0000000A  c_w.l(libinit2.o)
    0x0800024c   0x0800024c   0x00000000   Code   RO         2960    .ARM.Collect$$libinit$$0000000C  c_w.l(libinit2.o)
    0x0800024c   0x0800024c   0x00000000   Code   RO         2962    .ARM.Collect$$libinit$$0000000E  c_w.l(libinit2.o)
    0x0800024c   0x0800024c   0x00000000   Code   RO         2965    .ARM.Collect$$libinit$$00000011  c_w.l(libinit2.o)
    0x0800024c   0x0800024c   0x00000000   Code   RO         2967    .ARM.Collect$$libinit$$00000013  c_w.l(libinit2.o)
    0x0800024c   0x0800024c   0x00000000   Code   RO         2969    .ARM.Collect$$libinit$$00000015  c_w.l(libinit2.o)
    0x0800024c   0x0800024c   0x00000000   Code   RO         2971    .ARM.Collect$$libinit$$00000017  c_w.l(libinit2.o)
    0x0800024c   0x0800024c   0x00000000   Code   RO         2973    .ARM.Collect$$libinit$$00000019  c_w.l(libinit2.o)
    0x0800024c   0x0800024c   0x00000000   Code   RO         2975    .ARM.Collect$$libinit$$0000001B  c_w.l(libinit2.o)
    0x0800024c   0x0800024c   0x00000000   Code   RO         2977    .ARM.Collect$$libinit$$0000001D  c_w.l(libinit2.o)
    0x0800024c   0x0800024c   0x00000000   Code   RO         2979    .ARM.Collect$$libinit$$0000001F  c_w.l(libinit2.o)
    0x0800024c   0x0800024c   0x00000000   Code   RO         2981    .ARM.Collect$$libinit$$00000021  c_w.l(libinit2.o)
    0x0800024c   0x0800024c   0x00000000   Code   RO         2983    .ARM.Collect$$libinit$$00000023  c_w.l(libinit2.o)
    0x0800024c   0x0800024c   0x00000000   Code   RO         2985    .ARM.Collect$$libinit$$00000025  c_w.l(libinit2.o)
    0x0800024c   0x0800024c   0x00000000   Code   RO         2989    .ARM.Collect$$libinit$$0000002C  c_w.l(libinit2.o)
    0x0800024c   0x0800024c   0x00000000   Code   RO         2991    .ARM.Collect$$libinit$$0000002E  c_w.l(libinit2.o)
    0x0800024c   0x0800024c   0x00000000   Code   RO         2993    .ARM.Collect$$libinit$$00000030  c_w.l(libinit2.o)
    0x0800024c   0x0800024c   0x00000000   Code   RO         2995    .ARM.Collect$$libinit$$00000032  c_w.l(libinit2.o)
    0x0800024c   0x0800024c   0x00000002   Code   RO         2996    .ARM.Collect$$libinit$$00000033  c_w.l(libinit2.o)
    0x0800024e   0x0800024e   0x00000002   Code   RO         3027    .ARM.Collect$$libshutdown$$00000000  c_w.l(libshutdown.o)
    0x08000250   0x08000250   0x00000000   Code   RO         3053    .ARM.Collect$$libshutdown$$00000002  c_w.l(libshutdown2.o)
    0x08000250   0x08000250   0x00000000   Code   RO         3055    .ARM.Collect$$libshutdown$$00000004  c_w.l(libshutdown2.o)
    0x08000250   0x08000250   0x00000000   Code   RO         3057    .ARM.Collect$$libshutdown$$00000006  c_w.l(libshutdown2.o)
    0x08000250   0x08000250   0x00000000   Code   RO         3060    .ARM.Collect$$libshutdown$$00000009  c_w.l(libshutdown2.o)
    0x08000250   0x08000250   0x00000000   Code   RO         3063    .ARM.Collect$$libshutdown$$0000000C  c_w.l(libshutdown2.o)
    0x08000250   0x08000250   0x00000000   Code   RO         3065    .ARM.Collect$$libshutdown$$0000000E  c_w.l(libshutdown2.o)
    0x08000250   0x08000250   0x00000000   Code   RO         3068    .ARM.Collect$$libshutdown$$00000011  c_w.l(libshutdown2.o)
    0x08000250   0x08000250   0x00000002   Code   RO         3069    .ARM.Collect$$libshutdown$$00000012  c_w.l(libshutdown2.o)
    0x08000252   0x08000252   0x00000000   Code   RO         2889    .ARM.Collect$$rtentry$$00000000  c_w.l(__rtentry.o)
    0x08000252   0x08000252   0x00000000   Code   RO         2909    .ARM.Collect$$rtentry$$00000002  c_w.l(__rtentry2.o)
    0x08000252   0x08000252   0x00000006   Code   RO         2921    .ARM.Collect$$rtentry$$00000004  c_w.l(__rtentry4.o)
    0x08000258   0x08000258   0x00000000   Code   RO         2911    .ARM.Collect$$rtentry$$00000009  c_w.l(__rtentry2.o)
    0x08000258   0x08000258   0x00000004   Code   RO         2912    .ARM.Collect$$rtentry$$0000000A  c_w.l(__rtentry2.o)
    0x0800025c   0x0800025c   0x00000000   Code   RO         2914    .ARM.Collect$$rtentry$$0000000C  c_w.l(__rtentry2.o)
    0x0800025c   0x0800025c   0x00000008   Code   RO         2915    .ARM.Collect$$rtentry$$0000000D  c_w.l(__rtentry2.o)
    0x08000264   0x08000264   0x00000002   Code   RO         2944    .ARM.Collect$$rtexit$$00000000  c_w.l(rtexit.o)
    0x08000266   0x08000266   0x00000000   Code   RO         3000    .ARM.Collect$$rtexit$$00000002  c_w.l(rtexit2.o)
    0x08000266   0x08000266   0x00000004   Code   RO         3001    .ARM.Collect$$rtexit$$00000003  c_w.l(rtexit2.o)
    0x0800026a   0x0800026a   0x00000006   Code   RO         3002    .ARM.Collect$$rtexit$$00000004  c_w.l(rtexit2.o)
    0x08000270   0x08000270   0x00000040   Code   RO            4    .text               startup_stm32l476xx.o
    0x080002b0   0x080002b0   0x000000ee   Code   RO         2833    .text               c_w.l(lludivv7m.o)
    0x0800039e   0x0800039e   0x00000002   PAD
    0x080003a0   0x080003a0   0x00000028   Code   RO         2837    .text               c_w.l(noretval__2sprintf.o)
    0x080003c8   0x080003c8   0x00000068   Code   RO         2839    .text               c_w.l(__printf.o)
    0x08000430   0x08000430   0x00000078   Code   RO         2841    .text               c_w.l(_printf_dec.o)
    0x080004a8   0x080004a8   0x00000048   Code   RO         2865    .text               c_w.l(strcpy.o)
    0x080004f0   0x080004f0   0x0000003e   Code   RO         2867    .text               c_w.l(strlen.o)
    0x0800052e   0x0800052e   0x00000064   Code   RO         2869    .text               c_w.l(rt_memcpy_w.o)
    0x08000592   0x08000592   0x00000044   Code   RO         2871    .text               c_w.l(rt_memclr.o)
    0x080005d6   0x080005d6   0x0000004e   Code   RO         2873    .text               c_w.l(rt_memclr_w.o)
    0x08000624   0x08000624   0x00000006   Code   RO         2875    .text               c_w.l(heapauxi.o)
    0x0800062a   0x0800062a   0x000000b2   Code   RO         2894    .text               c_w.l(_printf_intcommon.o)
    0x080006dc   0x080006dc   0x00000030   Code   RO         2896    .text               c_w.l(_printf_char_common.o)
    0x0800070c   0x0800070c   0x0000000a   Code   RO         2898    .text               c_w.l(_sputc.o)
    0x08000716   0x08000716   0x0000004a   Code   RO         2927    .text               c_w.l(sys_stackheap_outer.o)
    0x08000760   0x08000760   0x00000012   Code   RO         2929    .text               c_w.l(exit.o)
    0x08000772   0x08000772   0x00000002   PAD
    0x08000774   0x08000774   0x00000008   Code   RO         2941    .text               c_w.l(libspace.o)
    0x0800077c   0x0800077c   0x0000000c   Code   RO         2997    .text               c_w.l(sys_exit.o)
    0x08000788   0x08000788   0x00000002   Code   RO         3016    .text               c_w.l(use_no_semi.o)
    0x0800078a   0x0800078a   0x00000000   Code   RO         3018    .text               c_w.l(indicate_semi.o)
    0x0800078a   0x0800078a   0x00000002   Code   RO          181    i.BusFault_Handler  stm32l4xx_it.o
    0x0800078c   0x0800078c   0x00000002   Code   RO          182    i.DebugMon_Handler  stm32l4xx_it.o
    0x0800078e   0x0800078e   0x00000004   Code   RO           13    i.Error_Handler     main.o
    0x08000792   0x08000792   0x00000002   PAD
    0x08000794   0x08000794   0x00000024   Code   RO          827    i.HAL_Delay         stm32l4xx_hal.o
    0x080007b8   0x080007b8   0x0000021e   Code   RO         1523    i.HAL_GPIO_Init     stm32l4xx_hal_gpio.o
    0x080009d6   0x080009d6   0x0000000a   Code   RO         1527    i.HAL_GPIO_WritePin  stm32l4xx_hal_gpio.o
    0x080009e0   0x080009e0   0x0000000c   Code   RO          831    i.HAL_GetTick       stm32l4xx_hal.o
    0x080009ec   0x080009ec   0x00000056   Code   RO          766    i.HAL_I2CEx_ConfigAnalogFilter  stm32l4xx_hal_i2c_ex.o
    0x08000a42   0x08000a42   0x00000052   Code   RO          767    i.HAL_I2CEx_ConfigDigitalFilter  stm32l4xx_hal_i2c_ex.o
    0x08000a94   0x08000a94   0x000000b8   Code   RO          315    i.HAL_I2C_Init      stm32l4xx_hal_i2c.o
    0x08000b4c   0x08000b4c   0x0000012a   Code   RO          321    i.HAL_I2C_Master_Receive  stm32l4xx_hal_i2c.o
    0x08000c76   0x08000c76   0x00000002   PAD
    0x08000c78   0x08000c78   0x0000012a   Code   RO          328    i.HAL_I2C_Master_Transmit  stm32l4xx_hal_i2c.o
    0x08000da2   0x08000da2   0x00000002   PAD
    0x08000da4   0x08000da4   0x00000080   Code   RO          257    i.HAL_I2C_MspInit   stm32l4xx_hal_msp.o
    0x08000e24   0x08000e24   0x00000010   Code   RO          837    i.HAL_IncTick       stm32l4xx_hal.o
    0x08000e34   0x08000e34   0x0000002c   Code   RO          838    i.HAL_Init          stm32l4xx_hal.o
    0x08000e60   0x08000e60   0x00000044   Code   RO          839    i.HAL_InitTick      stm32l4xx_hal.o
    0x08000ea4   0x08000ea4   0x0000002c   Code   RO          258    i.HAL_MspInit       stm32l4xx_hal_msp.o
    0x08000ed0   0x08000ed0   0x00000040   Code   RO         2088    i.HAL_NVIC_SetPriority  stm32l4xx_hal_cortex.o
    0x08000f10   0x08000f10   0x00000024   Code   RO         2089    i.HAL_NVIC_SetPriorityGrouping  stm32l4xx_hal_cortex.o
    0x08000f34   0x08000f34   0x00000068   Code   RO         1814    i.HAL_PWREx_ControlVoltageScaling  stm32l4xx_hal_pwr_ex.o
    0x08000f9c   0x08000f9c   0x00000010   Code   RO         1847    i.HAL_PWREx_GetVoltageRange  stm32l4xx_hal_pwr_ex.o
    0x08000fac   0x08000fac   0x000003ae   Code   RO         1176    i.HAL_RCCEx_PeriphCLKConfig  stm32l4xx_hal_rcc_ex.o
    0x0800135a   0x0800135a   0x00000002   PAD
    0x0800135c   0x0800135c   0x00000120   Code   RO         1055    i.HAL_RCC_ClockConfig  stm32l4xx_hal_rcc.o
    0x0800147c   0x0800147c   0x00000024   Code   RO         1061    i.HAL_RCC_GetPCLK1Freq  stm32l4xx_hal_rcc.o
    0x080014a0   0x080014a0   0x00000024   Code   RO         1062    i.HAL_RCC_GetPCLK2Freq  stm32l4xx_hal_rcc.o
    0x080014c4   0x080014c4   0x000000a4   Code   RO         1064    i.HAL_RCC_GetSysClockFreq  stm32l4xx_hal_rcc.o
    0x08001568   0x08001568   0x00000528   Code   RO         1067    i.HAL_RCC_OscConfig  stm32l4xx_hal_rcc.o
    0x08001a90   0x08001a90   0x00000028   Code   RO         2093    i.HAL_SYSTICK_Config  stm32l4xx_hal_cortex.o
    0x08001ab8   0x08001ab8   0x00000066   Code   RO         2349    i.HAL_UART_Init     stm32l4xx_hal_uart.o
    0x08001b1e   0x08001b1e   0x00000002   PAD
    0x08001b20   0x08001b20   0x000000c4   Code   RO          260    i.HAL_UART_MspInit  stm32l4xx_hal_msp.o
    0x08001be4   0x08001be4   0x000000fe   Code   RO         2352    i.HAL_UART_Receive  stm32l4xx_hal_uart.o
    0x08001ce2   0x08001ce2   0x00000002   PAD
    0x08001ce4   0x08001ce4   0x000000b6   Code   RO         2358    i.HAL_UART_Transmit  stm32l4xx_hal_uart.o
    0x08001d9a   0x08001d9a   0x00000002   Code   RO          183    i.HardFault_Handler  stm32l4xx_it.o
    0x08001d9c   0x08001d9c   0x00000022   Code   RO          362    i.I2C_Flush_TXDR    stm32l4xx_hal_i2c.o
    0x08001dbe   0x08001dbe   0x00000002   PAD
    0x08001dc0   0x08001dc0   0x00000120   Code   RO          370    i.I2C_IsErrorOccurred  stm32l4xx_hal_i2c.o
    0x08001ee0   0x08001ee0   0x00000030   Code   RO          377    i.I2C_TransferConfig  stm32l4xx_hal_i2c.o
    0x08001f10   0x08001f10   0x00000058   Code   RO          379    i.I2C_WaitOnFlagUntilTimeout  stm32l4xx_hal_i2c.o
    0x08001f68   0x08001f68   0x0000009c   Code   RO          380    i.I2C_WaitOnRXNEFlagUntilTimeout  stm32l4xx_hal_i2c.o
    0x08002004   0x08002004   0x0000004c   Code   RO          381    i.I2C_WaitOnSTOPFlagUntilTimeout  stm32l4xx_hal_i2c.o
    0x08002050   0x08002050   0x00000050   Code   RO          382    i.I2C_WaitOnTXISFlagUntilTimeout  stm32l4xx_hal_i2c.o
    0x080020a0   0x080020a0   0x00000094   Code   RO           14    i.MX_GPIO_Init      main.o
    0x08002134   0x08002134   0x00000054   Code   RO           15    i.MX_I2C1_Init      main.o
    0x08002188   0x08002188   0x00000038   Code   RO           16    i.MX_USART1_UART_Init  main.o
    0x080021c0   0x080021c0   0x00000038   Code   RO           17    i.MX_USART2_UART_Init  main.o
    0x080021f8   0x080021f8   0x00000002   Code   RO          184    i.MemManage_Handler  stm32l4xx_it.o
    0x080021fa   0x080021fa   0x00000002   Code   RO          185    i.NMI_Handler       stm32l4xx_it.o
    0x080021fc   0x080021fc   0x00000002   Code   RO          186    i.PendSV_Handler    stm32l4xx_it.o
    0x080021fe   0x080021fe   0x00000002   PAD
    0x08002200   0x08002200   0x0000012c   Code   RO         1180    i.RCCEx_PLLSAI1_Config  stm32l4xx_hal_rcc_ex.o
    0x0800232c   0x0800232c   0x00000108   Code   RO         1181    i.RCCEx_PLLSAI2_Config  stm32l4xx_hal_rcc_ex.o
    0x08002434   0x08002434   0x0000007c   Code   RO         1068    i.RCC_SetFlashLatencyFromMSIRange  stm32l4xx_hal_rcc.o
    0x080024b0   0x080024b0   0x00000002   Code   RO          187    i.SVC_Handler       stm32l4xx_it.o
    0x080024b2   0x080024b2   0x00000004   Code   RO          188    i.SysTick_Handler   stm32l4xx_it.o
    0x080024b6   0x080024b6   0x00000072   Code   RO           18    i.SystemClock_Config  main.o
    0x08002528   0x08002528   0x00000010   Code   RO         2797    i.SystemInit        system_stm32l4xx.o
    0x08002538   0x08002538   0x000000c8   Code   RO         2363    i.UART_AdvFeatureConfig  stm32l4xx_hal_uart.o
    0x08002600   0x08002600   0x0000005c   Code   RO         2364    i.UART_CheckIdleState  stm32l4xx_hal_uart.o
    0x0800265c   0x0800265c   0x00000248   Code   RO         2379    i.UART_SetConfig    stm32l4xx_hal_uart.o
    0x080028a4   0x080028a4   0x000000c6   Code   RO         2384    i.UART_WaitOnFlagUntilTimeout  stm32l4xx_hal_uart.o
    0x0800296a   0x0800296a   0x00000002   Code   RO          189    i.UsageFault_Handler  stm32l4xx_it.o
    0x0800296c   0x0800296c   0x00000020   Code   RO         2095    i.__NVIC_SetPriority  stm32l4xx_hal_cortex.o
    0x0800298c   0x0800298c   0x0000067c   Code   RO           19    i.main              main.o
    0x08003008   0x08003008   0x00000062   Code   RO         2879    x$fpl$d2f           fz_wm.l(d2f.o)
    0x0800306a   0x0800306a   0x0000002e   Code   RO         2882    x$fpl$dflt          fz_wm.l(dflt_clz.o)
    0x08003098   0x08003098   0x00000154   Code   RO         2887    x$fpl$dmul          fz_wm.l(dmul.o)
    0x080031ec   0x080031ec   0x0000009c   Code   RO         2901    x$fpl$dnaninf       fz_wm.l(dnaninf.o)
    0x08003288   0x08003288   0x0000000c   Code   RO         2903    x$fpl$dretinf       fz_wm.l(dretinf.o)
    0x08003294   0x08003294   0x0000000a   Code   RO         3012    x$fpl$fpinit        fz_wm.l(fpinit.o)
    0x0800329e   0x0800329e   0x0000000a   Code   RO         2905    x$fpl$fretinf       fz_wm.l(fretinf.o)
    0x080032a8   0x080032a8   0x00000000   Code   RO         2907    x$fpl$usenofp       fz_wm.l(usenofp.o)
    0x080032a8   0x080032a8   0x00000040   Data   RO         2798    .constdata          system_stm32l4xx.o
    0x080032e8   0x080032e8   0x00000008   Data   RO         2799    .constdata          system_stm32l4xx.o
    0x080032f0   0x080032f0   0x00000020   Data   RO         3070    Region$$Table       anon$$obj.o


    Execution Region RW_IRAM2 (Exec base: 0x10000000, Load base: 0x08003380, Size: 0x00000000, Max: 0x00008000, ABSOLUTE)

    **** No section assigned to this execution region ****


    Execution Region RW_IRAM1 (Exec base: 0x20000000, Load base: 0x08003310, Size: 0x00000a70, Max: 0x00018000, ABSOLUTE, COMPRESSED[0x00000070])

    Exec Addr    Load Addr    Size         Type   Attr      Idx    E Section Name        Object

    0x20000000   COMPRESSED   0x0000020a   Data   RW           21    .data               main.o
    0x2000020a   COMPRESSED   0x00000002   PAD
    0x2000020c   COMPRESSED   0x0000000c   Data   RW          855    .data               stm32l4xx_hal.o
    0x20000218   COMPRESSED   0x00000004   Data   RW         2800    .data               system_stm32l4xx.o
    0x2000021c        -       0x000001f4   Zero   RW           20    .bss                main.o
    0x20000410        -       0x00000060   Zero   RW         2942    .bss                c_w.l(libspace.o)
    0x20000470        -       0x00000200   Zero   RW            2    HEAP                startup_stm32l476xx.o
    0x20000670        -       0x00000400   Zero   RW            1    STACK               startup_stm32l476xx.o


==============================================================================

Image component sizes


      Code (inc. data)   RO Data    RW Data    ZI Data      Debug   Object Name

      2122        274          0        522        500     805629   main.o
        64         26        392          0       1536        856   startup_stm32l476xx.o
       176         28          0         12          0      14497   stm32l4xx_hal.o
       172         14          0          0          0      33218   stm32l4xx_hal_cortex.o
       552         36          0          0          0       2392   stm32l4xx_hal_gpio.o
      1550         40          0          0          0      11274   stm32l4xx_hal_i2c.o
       168          0          0          0          0       1947   stm32l4xx_hal_i2c_ex.o
       368         30          0          0          0       2555   stm32l4xx_hal_msp.o
       120         20          0          0          0       1390   stm32l4xx_hal_pwr_ex.o
      1968         98          0          0          0       7000   stm32l4xx_hal_rcc.o
      1506         44          0          0          0       4100   stm32l4xx_hal_rcc_ex.o
      1612         62          0          0          0       7960   stm32l4xx_hal_uart.o
        20          0          0          0          0       4274   stm32l4xx_it.o
        16          4         72          4          0       1221   system_stm32l4xx.o

    ----------------------------------------------------------------------
     10430        676        496        540       2036     898313   Object Totals
         0          0         32          0          0          0   (incl. Generated)
        16          0          0          2          0          0   (incl. Padding)

    ----------------------------------------------------------------------

      Code (inc. data)   RO Data    RW Data    ZI Data      Debug   Library Member Name

        90          0          0          0          0          0   __dczerorl2.o
         8          0          0          0          0         68   __main.o
       104          0          0          0          0         84   __printf.o
         0          0          0          0          0          0   __rtentry.o
        12          0          0          0          0          0   __rtentry2.o
         6          0          0          0          0          0   __rtentry4.o
        52          8          0          0          0          0   __scatter.o
        28          0          0          0          0          0   __scatter_zi.o
        48          6          0          0          0         96   _printf_char_common.o
       120         16          0          0          0         92   _printf_dec.o
       178          0          0          0          0         88   _printf_intcommon.o
         0          0          0          0          0          0   _printf_percent.o
         4          0          0          0          0          0   _printf_percent_end.o
         6          0          0          0          0          0   _printf_u.o
        10          0          0          0          0         68   _sputc.o
        18          0          0          0          0         80   exit.o
         6          0          0          0          0        152   heapauxi.o
         0          0          0          0          0          0   indicate_semi.o
         2          0          0          0          0          0   libinit.o
         6          0          0          0          0          0   libinit2.o
         2          0          0          0          0          0   libshutdown.o
         2          0          0          0          0          0   libshutdown2.o
         8          4          0          0         96         68   libspace.o
       238          0          0          0          0        100   lludivv7m.o
        40          6          0          0          0         84   noretval__2sprintf.o
        68          0          0          0          0         68   rt_memclr.o
        78          0          0          0          0         80   rt_memclr_w.o
       100          0          0          0          0         80   rt_memcpy_w.o
         2          0          0          0          0          0   rtexit.o
        10          0          0          0          0          0   rtexit2.o
        72          0          0          0          0         80   strcpy.o
        62          0          0          0          0         76   strlen.o
        12          4          0          0          0         68   sys_exit.o
        74          0          0          0          0         80   sys_stackheap_outer.o
         2          0          0          0          0         68   use_no_semi.o
        98          4          0          0          0        140   d2f.o
        46          0          0          0          0        116   dflt_clz.o
       340         12          0          0          0        152   dmul.o
       156          4          0          0          0        140   dnaninf.o
        12          0          0          0          0        116   dretinf.o
        10          0          0          0          0        116   fpinit.o
        10          0          0          0          0        116   fretinf.o
         0          0          0          0          0          0   usenofp.o

    ----------------------------------------------------------------------
      2146         64          0          0         96       2476   Library Totals
         6          0          0          0          0          0   (incl. Padding)

    ----------------------------------------------------------------------

      Code (inc. data)   RO Data    RW Data    ZI Data      Debug   Library Name

      1468         44          0          0         96       1580   c_w.l
       672         20          0          0          0        896   fz_wm.l

    ----------------------------------------------------------------------
      2146         64          0          0         96       2476   Library Totals

    ----------------------------------------------------------------------

==============================================================================


      Code (inc. data)   RO Data    RW Data    ZI Data      Debug   

     12576        740        496        540       2132     894109   Grand Totals
     12576        740        496        112       2132     894109   ELF Image Totals (compressed)
     12576        740        496        112          0          0   ROM Totals

==============================================================================

    Total RO  Size (Code + RO Data)                13072 (  12.77kB)
    Total RW  Size (RW Data + ZI Data)              2672 (   2.61kB)
    Total ROM Size (Code + RO Data + RW Data)      13184 (  12.88kB)

==============================================================================

